<html>
<body>
<pre>
<h1>µVision Build Log</h1>
<h2>Tool Versions:</h2>
IDE-Version: ¦ÌVision V5.14.0.0
Copyright (C) 2015 ARM Ltd and ARM Germany GmbH. All rights reserved.
License Information: Mount256 Mount256, Mount256, LIC=D0D7S-LT7YF-FWF2N-Y9Q93-PM13N-WN9AK
 
Tool Versions:
Toolchain:       MDK-ARM Standard  Version: 5.14.0.0
Toolchain Path:  D:\MDK5\ARM\ARMCC\Bin
C Compiler:      Armcc.exe V5.05 update 1 (build 106)
Assembler:       Armasm.exe V5.05 update 1 (build 106)
Linker/Locator:  ArmLink.exe V5.05 update 1 (build 106)
Library Manager: ArmAr.exe V5.05 update 1 (build 106)
Hex Converter:   FromElf.exe V5.05 update 1 (build 106)
CPU DLL:         SARMCM3.DLL V5.14.0.0
Dialog DLL:      DCM.DLL V1.13.1.0
Target DLL:      STLink\ST-LINKIII-KEIL_SWO.dll V2.0.14.0_KEIL
Dialog DLL:      TCM.DLL V1.14.4.0
 
<h2>Project:</h2>
E:\UCOS-LEARN\Template_UCOS\Project\RVMDK£¨uv5£©\BH-F103.uvprojx
Project File Date:  01/15/2022

<h2>Output:</h2>
Build target 'TEMPLATE_UCOS'
assembling startup_stm32f10x_hd.s...
compiling app.c...
linking...
Program Size: Code=45982 RO-data=1270 RW-data=288 ZI-data=36136  
FromELF: creating hex file...
"..\..\Output\Template_UCOS.axf" - 0 Error(s), 0 Warning(s).

<h2>Collection of Component include folders:</h2>
  E:\UCOS-LEARN\Template_UCOS\Project\RVMDK£¨uv5£©\RTE
  D:\MDK5\ARM\PACK\Keil\STM32F1xx_DFP\1.0.5\Device\Include

<h2>Collection of Component Files used:</h2>
</pre>
</body>
</html>
