Component: ARM Compiler 5.05 update 1 (build 106) Tool: armlink [4d0efa]

==============================================================================

Section Cross References

    app.o(i.Task1) refers to os_time.o(i.OSTimeDly) for OSTimeDly
    app.o(i.Task1) refers to app.o(.data) for flag1
    app.o(i.Task2) refers to os_time.o(i.OSTimeDly) for OSTimeDly
    app.o(i.Task2) refers to app.o(.data) for flag2
    app.o(i.Task3) refers to os_time.o(i.OSTimeDly) for OSTimeDly
    app.o(i.Task3) refers to app.o(.data) for flag3
    app.o(i.main) refers to os_core.o(i.OSInit) for OSInit
    app.o(i.main) refers to cpu_core.o(i.CPU_Init) for CPU_Init
    app.o(i.main) refers to cpu_a.o(.text) for CPU_IntDis
    app.o(i.main) refers to os_cpu_c.o(i.OS_CPU_SysTickInit) for OS_CPU_SysTickInit
    app.o(i.main) refers to os_task.o(i.OSTaskCreate) for OSTaskCreate
    app.o(i.main) refers to os_core.o(i.OSStart) for OSStart
    app.o(i.main) refers to app.o(.bss) for Task1Stk
    app.o(i.main) refers to app.o(i.Task1) for Task1
    app.o(i.main) refers to app.o(i.Task2) for Task2
    app.o(i.main) refers to app.o(i.Task3) for Task3
    os_core.o(i.OSInit) refers to os_prio.o(i.OS_PrioInit) for OS_PrioInit
    os_core.o(i.OSInit) refers to os_core.o(i.OS_RdyListInit) for OS_RdyListInit
    os_core.o(i.OSInit) refers to os_core.o(i.OS_IdleTaskInit) for OS_IdleTaskInit
    os_core.o(i.OSInit) refers to os_var.o(.data) for OSRunning
    os_core.o(i.OSSched) refers to cpu_a.o(.text) for CPU_SR_Save
    os_core.o(i.OSSched) refers to os_prio.o(i.OS_PrioGetHighest) for OS_PrioGetHighest
    os_core.o(i.OSSched) refers to os_var.o(.data) for OSPrioHighRdy
    os_core.o(i.OSSched) refers to os_var.o(.bss) for OSRdyList
    os_core.o(i.OSStart) refers to os_prio.o(i.OS_PrioGetHighest) for OS_PrioGetHighest
    os_core.o(i.OSStart) refers to os_cpu_a.o(CODE) for OSStartHighRdy
    os_core.o(i.OSStart) refers to os_var.o(.data) for OSRunning
    os_core.o(i.OSStart) refers to os_var.o(.bss) for OSRdyList
    os_core.o(i.OS_IdleTask) refers to os_var.o(.data) for OSIdleTaskCtr
    os_core.o(i.OS_IdleTaskInit) refers to os_task.o(i.OSTaskCreate) for OSTaskCreate
    os_core.o(i.OS_IdleTaskInit) refers to os_var.o(.data) for OSIdleTaskCtr
    os_core.o(i.OS_IdleTaskInit) refers to os_cfg_app.o(.constdata) for OSCfg_IdleTaskStkSize
    os_core.o(i.OS_IdleTaskInit) refers to os_core.o(i.OS_IdleTask) for OS_IdleTask
    os_core.o(i.OS_IdleTaskInit) refers to os_var.o(.bss) for OSIdleTaskTCB
    os_core.o(i.OS_RdyListInit) refers to os_var.o(.bss) for OSRdyList
    os_core.o(i.OS_RdyListInsert) refers to os_prio.o(i.OS_PrioInsert) for OS_PrioInsert
    os_core.o(i.OS_RdyListInsert) refers to os_core.o(i.OS_RdyListInsertTail) for OS_RdyListInsertTail
    os_core.o(i.OS_RdyListInsert) refers to os_core.o(i.OS_RdyListInsertHead) for OS_RdyListInsertHead
    os_core.o(i.OS_RdyListInsert) refers to os_var.o(.data) for OSPrioCur
    os_core.o(i.OS_RdyListInsertHead) refers to os_var.o(.bss) for OSRdyList
    os_core.o(i.OS_RdyListInsertTail) refers to os_var.o(.bss) for OSRdyList
    os_core.o(i.OS_RdyListRemove) refers to os_prio.o(i.OS_PrioRemove) for OS_PrioRemove
    os_core.o(i.OS_RdyListRemove) refers to os_var.o(.bss) for OSRdyList
    os_cfg_app.o(.constdata) refers to os_cfg_app.o(.bss) for OSCfg_IdleTaskStk
    os_task.o(i.OSTaskCreate) refers to os_task.o(i.OS_TaskInitTCB) for OS_TaskInitTCB
    os_task.o(i.OSTaskCreate) refers to os_cpu_c.o(i.OSTaskStkInit) for OSTaskStkInit
    os_task.o(i.OSTaskCreate) refers to cpu_a.o(.text) for CPU_SR_Save
    os_task.o(i.OSTaskCreate) refers to os_prio.o(i.OS_PrioInsert) for OS_PrioInsert
    os_task.o(i.OSTaskCreate) refers to os_core.o(i.OS_RdyListInsertTail) for OS_RdyListInsertTail
    os_time.o(i.OSTimeDly) refers to cpu_a.o(.text) for CPU_SR_Save
    os_time.o(i.OSTimeDly) refers to os_prio.o(i.OS_PrioRemove) for OS_PrioRemove
    os_time.o(i.OSTimeDly) refers to os_core.o(i.OSSched) for OSSched
    os_time.o(i.OSTimeDly) refers to os_var.o(.data) for OSTCBCurPtr
    os_time.o(i.OSTimeTick) refers to cpu_a.o(.text) for CPU_SR_Save
    os_time.o(i.OSTimeTick) refers to os_prio.o(i.OS_PrioInsert) for OS_PrioInsert
    os_time.o(i.OSTimeTick) refers to os_core.o(i.OSSched) for OSSched
    os_time.o(i.OSTimeTick) refers to os_var.o(.bss) for OSRdyList
    os_prio.o(i.OS_PrioGetHighest) refers to cpu_a.o(.text) for CPU_CntLeadZeros
    os_prio.o(i.OS_PrioGetHighest) refers to os_prio.o(.data) for OSPrioTbl
    os_prio.o(i.OS_PrioInit) refers to os_prio.o(.data) for OSPrioTbl
    os_prio.o(i.OS_PrioInsert) refers to os_prio.o(.data) for OSPrioTbl
    os_prio.o(i.OS_PrioRemove) refers to os_prio.o(.data) for OSPrioTbl
    os_cpu_a.o(CODE) refers to os_var.o(.data) for OSTCBCurPtr
    os_cpu_c.o(i.OS_CPU_SysTickInit) refers to system_armcm3.o(.data) for SystemCoreClock
    os_cpu_c.o(i.SysTick_Handler) refers to os_time.o(i.OSTimeTick) for OSTimeTick
    startup_armcm3.o(STACK) refers (Special) to heapauxi.o(.text) for __use_two_region_memory
    startup_armcm3.o(HEAP) refers (Special) to heapauxi.o(.text) for __use_two_region_memory
    startup_armcm3.o(RESET) refers (Special) to heapauxi.o(.text) for __use_two_region_memory
    startup_armcm3.o(RESET) refers to startup_armcm3.o(STACK) for __initial_sp
    startup_armcm3.o(RESET) refers to startup_armcm3.o(.text) for Reset_Handler
    startup_armcm3.o(RESET) refers to os_cpu_a.o(CODE) for PendSV_Handler
    startup_armcm3.o(RESET) refers to os_cpu_c.o(i.SysTick_Handler) for SysTick_Handler
    startup_armcm3.o(.text) refers (Special) to heapauxi.o(.text) for __use_two_region_memory
    startup_armcm3.o(.text) refers to system_armcm3.o(i.SystemInit) for SystemInit
    startup_armcm3.o(.text) refers to __main.o(!!!main) for __main
    startup_armcm3.o(.text) refers to startup_armcm3.o(HEAP) for Heap_Mem
    startup_armcm3.o(.text) refers to startup_armcm3.o(STACK) for Stack_Mem
    system_armcm3.o(i.SystemCoreClockUpdate) refers to system_armcm3.o(.data) for SystemCoreClock
    system_armcm3.o(i.SystemInit) refers to system_armcm3.o(.data) for SystemCoreClock
    __main.o(!!!main) refers to __rtentry.o(.ARM.Collect$$rtentry$$00000000) for __rt_entry
    __rtentry.o(.ARM.Collect$$rtentry$$00000000) refers (Special) to __rtentry2.o(.ARM.Collect$$rtentry$$0000000A) for __rt_entry_li
    __rtentry.o(.ARM.Collect$$rtentry$$00000000) refers (Special) to __rtentry2.o(.ARM.Collect$$rtentry$$0000000D) for __rt_entry_main
    __rtentry.o(.ARM.Collect$$rtentry$$00000000) refers (Special) to __rtentry2.o(.ARM.Collect$$rtentry$$0000000C) for __rt_entry_postli_1
    __rtentry.o(.ARM.Collect$$rtentry$$00000000) refers (Special) to __rtentry2.o(.ARM.Collect$$rtentry$$00000009) for __rt_entry_postsh_1
    __rtentry.o(.ARM.Collect$$rtentry$$00000000) refers (Special) to __rtentry2.o(.ARM.Collect$$rtentry$$00000002) for __rt_entry_presh_1
    __rtentry.o(.ARM.Collect$$rtentry$$00000000) refers (Special) to __rtentry4.o(.ARM.Collect$$rtentry$$00000004) for __rt_entry_sh
    __rtentry2.o(.ARM.Collect$$rtentry$$00000008) refers to boardinit2.o(.text) for _platform_post_stackheap_init
    __rtentry2.o(.ARM.Collect$$rtentry$$0000000A) refers to libinit.o(.ARM.Collect$$libinit$$00000000) for __rt_lib_init
    __rtentry2.o(.ARM.Collect$$rtentry$$0000000B) refers to boardinit3.o(.text) for _platform_post_lib_init
    __rtentry2.o(.ARM.Collect$$rtentry$$0000000D) refers to app.o(i.main) for main
    __rtentry2.o(.ARM.Collect$$rtentry$$0000000D) refers to exit.o(.text) for exit
    __rtentry2.o(.ARM.exidx) refers to __rtentry2.o(.ARM.Collect$$rtentry$$00000001) for .ARM.Collect$$rtentry$$00000001
    __rtentry2.o(.ARM.exidx) refers to __rtentry2.o(.ARM.Collect$$rtentry$$00000008) for .ARM.Collect$$rtentry$$00000008
    __rtentry2.o(.ARM.exidx) refers to __rtentry2.o(.ARM.Collect$$rtentry$$0000000A) for .ARM.Collect$$rtentry$$0000000A
    __rtentry2.o(.ARM.exidx) refers to __rtentry2.o(.ARM.Collect$$rtentry$$0000000B) for .ARM.Collect$$rtentry$$0000000B
    __rtentry2.o(.ARM.exidx) refers to __rtentry2.o(.ARM.Collect$$rtentry$$0000000D) for .ARM.Collect$$rtentry$$0000000D
    __rtentry4.o(.ARM.Collect$$rtentry$$00000004) refers to sys_stackheap_outer.o(.text) for __user_setup_stackheap
    __rtentry4.o(.ARM.exidx) refers to __rtentry4.o(.ARM.Collect$$rtentry$$00000004) for .ARM.Collect$$rtentry$$00000004
    sys_stackheap_outer.o(.text) refers to libspace.o(.text) for __user_perproc_libspace
    sys_stackheap_outer.o(.text) refers to startup_armcm3.o(.text) for __user_initial_stackheap
    exit.o(.text) refers to rtexit.o(.ARM.Collect$$rtexit$$00000000) for __rt_exit
    libinit.o(.ARM.Collect$$libinit$$00000000) refers (Special) to libinit2.o(.ARM.Collect$$libinit$$0000002E) for __rt_lib_init_alloca_1
    libinit.o(.ARM.Collect$$libinit$$00000000) refers (Special) to libinit2.o(.ARM.Collect$$libinit$$0000002C) for __rt_lib_init_argv_1
    libinit.o(.ARM.Collect$$libinit$$00000000) refers (Special) to libinit2.o(.ARM.Collect$$libinit$$0000001B) for __rt_lib_init_atexit_1
    libinit.o(.ARM.Collect$$libinit$$00000000) refers (Special) to libinit2.o(.ARM.Collect$$libinit$$00000021) for __rt_lib_init_clock_1
    libinit.o(.ARM.Collect$$libinit$$00000000) refers (Special) to libinit2.o(.ARM.Collect$$libinit$$00000032) for __rt_lib_init_cpp_1
    libinit.o(.ARM.Collect$$libinit$$00000000) refers (Special) to libinit2.o(.ARM.Collect$$libinit$$00000030) for __rt_lib_init_exceptions_1
    libinit.o(.ARM.Collect$$libinit$$00000000) refers (Special) to libinit2.o(.ARM.Collect$$libinit$$00000002) for __rt_lib_init_fp_1
    libinit.o(.ARM.Collect$$libinit$$00000000) refers (Special) to libinit2.o(.ARM.Collect$$libinit$$0000001F) for __rt_lib_init_fp_trap_1
    libinit.o(.ARM.Collect$$libinit$$00000000) refers (Special) to libinit2.o(.ARM.Collect$$libinit$$00000023) for __rt_lib_init_getenv_1
    libinit.o(.ARM.Collect$$libinit$$00000000) refers (Special) to libinit2.o(.ARM.Collect$$libinit$$0000000A) for __rt_lib_init_heap_1
    libinit.o(.ARM.Collect$$libinit$$00000000) refers (Special) to libinit2.o(.ARM.Collect$$libinit$$00000011) for __rt_lib_init_lc_collate_1
    libinit.o(.ARM.Collect$$libinit$$00000000) refers (Special) to libinit2.o(.ARM.Collect$$libinit$$00000013) for __rt_lib_init_lc_ctype_1
    libinit.o(.ARM.Collect$$libinit$$00000000) refers (Special) to libinit2.o(.ARM.Collect$$libinit$$00000015) for __rt_lib_init_lc_monetary_1
    libinit.o(.ARM.Collect$$libinit$$00000000) refers (Special) to libinit2.o(.ARM.Collect$$libinit$$00000017) for __rt_lib_init_lc_numeric_1
    libinit.o(.ARM.Collect$$libinit$$00000000) refers (Special) to libinit2.o(.ARM.Collect$$libinit$$00000019) for __rt_lib_init_lc_time_1
    libinit.o(.ARM.Collect$$libinit$$00000000) refers (Special) to libinit2.o(.ARM.Collect$$libinit$$00000004) for __rt_lib_init_preinit_1
    libinit.o(.ARM.Collect$$libinit$$00000000) refers (Special) to libinit2.o(.ARM.Collect$$libinit$$0000000E) for __rt_lib_init_rand_1
    libinit.o(.ARM.Collect$$libinit$$00000000) refers (Special) to libinit2.o(.ARM.Collect$$libinit$$00000033) for __rt_lib_init_return
    libinit.o(.ARM.Collect$$libinit$$00000000) refers (Special) to libinit2.o(.ARM.Collect$$libinit$$0000001D) for __rt_lib_init_signal_1
    libinit.o(.ARM.Collect$$libinit$$00000000) refers (Special) to libinit2.o(.ARM.Collect$$libinit$$00000025) for __rt_lib_init_stdio_1
    libinit.o(.ARM.Collect$$libinit$$00000000) refers (Special) to libinit2.o(.ARM.Collect$$libinit$$0000000C) for __rt_lib_init_user_alloc_1
    libspace.o(.text) refers to libspace.o(.bss) for __libspace_start
    rtexit.o(.ARM.Collect$$rtexit$$00000000) refers (Special) to rtexit2.o(.ARM.Collect$$rtexit$$00000004) for __rt_exit_exit
    rtexit.o(.ARM.Collect$$rtexit$$00000000) refers (Special) to rtexit2.o(.ARM.Collect$$rtexit$$00000003) for __rt_exit_ls
    rtexit.o(.ARM.Collect$$rtexit$$00000000) refers (Special) to rtexit2.o(.ARM.Collect$$rtexit$$00000002) for __rt_exit_prels_1
    rtexit.o(.ARM.exidx) refers (Special) to rtexit2.o(.ARM.Collect$$rtexit$$00000004) for __rt_exit_exit
    rtexit.o(.ARM.exidx) refers (Special) to rtexit2.o(.ARM.Collect$$rtexit$$00000003) for __rt_exit_ls
    rtexit.o(.ARM.exidx) refers (Special) to rtexit2.o(.ARM.Collect$$rtexit$$00000002) for __rt_exit_prels_1
    rtexit.o(.ARM.exidx) refers to rtexit.o(.ARM.Collect$$rtexit$$00000000) for .ARM.Collect$$rtexit$$00000000
    libinit2.o(.ARM.Collect$$libinit$$00000010) refers to libinit2.o(.ARM.Collect$$libinit$$0000000F) for .ARM.Collect$$libinit$$0000000F
    libinit2.o(.ARM.Collect$$libinit$$00000012) refers to libinit2.o(.ARM.Collect$$libinit$$0000000F) for .ARM.Collect$$libinit$$0000000F
    libinit2.o(.ARM.Collect$$libinit$$00000014) refers to libinit2.o(.ARM.Collect$$libinit$$0000000F) for .ARM.Collect$$libinit$$0000000F
    libinit2.o(.ARM.Collect$$libinit$$00000016) refers to libinit2.o(.ARM.Collect$$libinit$$0000000F) for .ARM.Collect$$libinit$$0000000F
    libinit2.o(.ARM.Collect$$libinit$$00000018) refers to libinit2.o(.ARM.Collect$$libinit$$0000000F) for .ARM.Collect$$libinit$$0000000F
    libinit2.o(.ARM.Collect$$libinit$$00000026) refers to argv_veneer.o(.emb_text) for __ARM_argv_veneer
    libinit2.o(.ARM.Collect$$libinit$$00000027) refers to argv_veneer.o(.emb_text) for __ARM_argv_veneer
    rtexit2.o(.ARM.Collect$$rtexit$$00000003) refers to libshutdown.o(.ARM.Collect$$libshutdown$$00000000) for __rt_lib_shutdown
    rtexit2.o(.ARM.Collect$$rtexit$$00000004) refers to sys_exit.o(.text) for _sys_exit
    rtexit2.o(.ARM.exidx) refers to rtexit2.o(.ARM.Collect$$rtexit$$00000001) for .ARM.Collect$$rtexit$$00000001
    rtexit2.o(.ARM.exidx) refers to rtexit2.o(.ARM.Collect$$rtexit$$00000003) for .ARM.Collect$$rtexit$$00000003
    rtexit2.o(.ARM.exidx) refers to rtexit2.o(.ARM.Collect$$rtexit$$00000004) for .ARM.Collect$$rtexit$$00000004
    argv_veneer.o(.emb_text) refers to no_argv.o(.text) for __ARM_get_argv
    sys_exit.o(.text) refers (Special) to use_no_semi.o(.text) for __I$use$semihosting
    sys_exit.o(.text) refers (Special) to indicate_semi.o(.text) for __semihosting_library_function
    _get_argv_nomalloc.o(.text) refers (Special) to hrguard.o(.text) for __heap_region$guard
    _get_argv_nomalloc.o(.text) refers to defsig_rtmem_outer.o(.text) for __rt_SIGRTMEM
    _get_argv_nomalloc.o(.text) refers to sys_command.o(.text) for _sys_command_string
    libshutdown.o(.ARM.Collect$$libshutdown$$00000000) refers (Special) to libshutdown2.o(.ARM.Collect$$libshutdown$$00000006) for __rt_lib_shutdown_fp_trap_1
    libshutdown.o(.ARM.Collect$$libshutdown$$00000000) refers (Special) to libshutdown2.o(.ARM.Collect$$libshutdown$$0000000E) for __rt_lib_shutdown_heap_1
    libshutdown.o(.ARM.Collect$$libshutdown$$00000000) refers (Special) to libshutdown2.o(.ARM.Collect$$libshutdown$$0000000F) for __rt_lib_shutdown_return
    libshutdown.o(.ARM.Collect$$libshutdown$$00000000) refers (Special) to libshutdown2.o(.ARM.Collect$$libshutdown$$00000009) for __rt_lib_shutdown_signal_1
    libshutdown.o(.ARM.Collect$$libshutdown$$00000000) refers (Special) to libshutdown2.o(.ARM.Collect$$libshutdown$$00000003) for __rt_lib_shutdown_stdio_1
    libshutdown.o(.ARM.Collect$$libshutdown$$00000000) refers (Special) to libshutdown2.o(.ARM.Collect$$libshutdown$$0000000B) for __rt_lib_shutdown_user_alloc_1
    sys_command.o(.text) refers (Special) to use_no_semi.o(.text) for __I$use$semihosting
    sys_command.o(.text) refers (Special) to indicate_semi.o(.text) for __semihosting_library_function
    defsig_rtmem_outer.o(.text) refers to defsig_rtmem_inner.o(.text) for __rt_SIGRTMEM_inner
    defsig_rtmem_outer.o(.text) refers to defsig_exit.o(.text) for __sig_exit
    defsig_rtmem_formal.o(.text) refers to rt_raise.o(.text) for __rt_raise
    rt_raise.o(.text) refers to __raise.o(.text) for __raise
    rt_raise.o(.text) refers to sys_exit.o(.text) for _sys_exit
    defsig_exit.o(.text) refers to sys_exit.o(.text) for _sys_exit
    defsig_rtmem_inner.o(.text) refers to defsig_general.o(.text) for __default_signal_display
    __raise.o(.text) refers to defsig.o(CL$$defsig) for __default_signal_handler
    defsig_general.o(.text) refers to sys_wrch.o(.text) for _ttywrch
    sys_wrch.o(.text) refers (Special) to use_no_semi.o(.text) for __I$use$semihosting
    sys_wrch.o(.text) refers (Special) to indicate_semi.o(.text) for __semihosting_library_function
    defsig.o(CL$$defsig) refers to defsig_rtmem_inner.o(.text) for __rt_SIGRTMEM_inner
    defsig_abrt_inner.o(.text) refers to defsig_general.o(.text) for __default_signal_display
    defsig_fpe_inner.o(.text) refers to defsig_general.o(.text) for __default_signal_display
    defsig_rtred_inner.o(.text) refers to defsig_general.o(.text) for __default_signal_display
    defsig_stak_inner.o(.text) refers to defsig_general.o(.text) for __default_signal_display
    defsig_pvfn_inner.o(.text) refers to defsig_general.o(.text) for __default_signal_display
    defsig_cppl_inner.o(.text) refers to defsig_general.o(.text) for __default_signal_display
    defsig_segv_inner.o(.text) refers to defsig_general.o(.text) for __default_signal_display
    defsig_other.o(.text) refers to defsig_general.o(.text) for __default_signal_display


==============================================================================

Removing Unused input sections from the image.

    Removing app.o(.rev16_text), (4 bytes).
    Removing app.o(.revsh_text), (4 bytes).
    Removing app.o(.rrx_text), (6 bytes).
    Removing os_core.o(i.OS_RdyListInsert), (40 bytes).
    Removing os_core.o(i.OS_RdyListInsertHead), (60 bytes).
    Removing os_core.o(i.OS_RdyListMoveHeadToTail), (68 bytes).
    Removing os_core.o(i.OS_RdyListRemove), (104 bytes).
    Removing os_cpu_c.o(.rev16_text), (4 bytes).
    Removing os_cpu_c.o(.revsh_text), (4 bytes).
    Removing os_cpu_c.o(.rrx_text), (6 bytes).
    Removing cpu_core.o(i.BSP_CPU_ClkFreq), (8 bytes).
    Removing system_armcm3.o(.rev16_text), (4 bytes).
    Removing system_armcm3.o(.revsh_text), (4 bytes).
    Removing system_armcm3.o(.rrx_text), (6 bytes).
    Removing system_armcm3.o(i.SystemCoreClockUpdate), (16 bytes).

15 unused section(s) (total 338 bytes) removed from the image.

==============================================================================

Image Symbol Table

    Local Symbols

    Symbol Name                              Value     Ov Type        Size  Object(Section)

    RESET                                    0x00000000   Section      192  startup_armcm3.o(RESET)
    ../clib/angel/boardlib.s                 0x00000000   Number         0  boardinit1.o ABSOLUTE
    ../clib/angel/boardlib.s                 0x00000000   Number         0  boardshut.o ABSOLUTE
    ../clib/angel/boardlib.s                 0x00000000   Number         0  boardinit3.o ABSOLUTE
    ../clib/angel/boardlib.s                 0x00000000   Number         0  boardinit2.o ABSOLUTE
    ../clib/angel/handlers.s                 0x00000000   Number         0  __scatter_copy.o ABSOLUTE
    ../clib/angel/handlers.s                 0x00000000   Number         0  __scatter_zi.o ABSOLUTE
    ../clib/angel/kernel.s                   0x00000000   Number         0  __rtentry.o ABSOLUTE
    ../clib/angel/kernel.s                   0x00000000   Number         0  __rtentry2.o ABSOLUTE
    ../clib/angel/kernel.s                   0x00000000   Number         0  rtexit2.o ABSOLUTE
    ../clib/angel/kernel.s                   0x00000000   Number         0  rtexit.o ABSOLUTE
    ../clib/angel/kernel.s                   0x00000000   Number         0  __rtentry4.o ABSOLUTE
    ../clib/angel/rt.s                       0x00000000   Number         0  rt_raise.o ABSOLUTE
    ../clib/angel/scatter.s                  0x00000000   Number         0  __scatter.o ABSOLUTE
    ../clib/angel/startup.s                  0x00000000   Number         0  __main.o ABSOLUTE
    ../clib/angel/sys.s                      0x00000000   Number         0  use_no_semi.o ABSOLUTE
    ../clib/angel/sys.s                      0x00000000   Number         0  sys_stackheap_outer.o ABSOLUTE
    ../clib/angel/sys.s                      0x00000000   Number         0  indicate_semi.o ABSOLUTE
    ../clib/angel/sys.s                      0x00000000   Number         0  libspace.o ABSOLUTE
    ../clib/angel/sysapp.c                   0x00000000   Number         0  sys_exit.o ABSOLUTE
    ../clib/angel/sysapp.c                   0x00000000   Number         0  sys_wrch.o ABSOLUTE
    ../clib/angel/sysapp.c                   0x00000000   Number         0  sys_command.o ABSOLUTE
    ../clib/armsys.c                         0x00000000   Number         0  no_argv.o ABSOLUTE
    ../clib/armsys.c                         0x00000000   Number         0  _get_argv_nomalloc.o ABSOLUTE
    ../clib/armsys.c                         0x00000000   Number         0  argv_veneer.o ABSOLUTE
    ../clib/armsys.c                         0x00000000   Number         0  argv_veneer.o ABSOLUTE
    ../clib/heapalloc.c                      0x00000000   Number         0  hrguard.o ABSOLUTE
    ../clib/heapaux.c                        0x00000000   Number         0  heapauxi.o ABSOLUTE
    ../clib/libinit.s                        0x00000000   Number         0  libinit2.o ABSOLUTE
    ../clib/libinit.s                        0x00000000   Number         0  libinit.o ABSOLUTE
    ../clib/libinit.s                        0x00000000   Number         0  libshutdown2.o ABSOLUTE
    ../clib/libinit.s                        0x00000000   Number         0  libshutdown.o ABSOLUTE
    ../clib/signal.c                         0x00000000   Number         0  defsig_segv_inner.o ABSOLUTE
    ../clib/signal.c                         0x00000000   Number         0  defsig_cppl_inner.o ABSOLUTE
    ../clib/signal.c                         0x00000000   Number         0  defsig_pvfn_inner.o ABSOLUTE
    ../clib/signal.c                         0x00000000   Number         0  defsig_stak_inner.o ABSOLUTE
    ../clib/signal.c                         0x00000000   Number         0  defsig_rtred_inner.o ABSOLUTE
    ../clib/signal.c                         0x00000000   Number         0  defsig_fpe_inner.o ABSOLUTE
    ../clib/signal.c                         0x00000000   Number         0  defsig_abrt_inner.o ABSOLUTE
    ../clib/signal.c                         0x00000000   Number         0  __raise.o ABSOLUTE
    ../clib/signal.c                         0x00000000   Number         0  defsig_rtmem_inner.o ABSOLUTE
    ../clib/signal.c                         0x00000000   Number         0  defsig_exit.o ABSOLUTE
    ../clib/signal.c                         0x00000000   Number         0  defsig_rtmem_outer.o ABSOLUTE
    ../clib/signal.c                         0x00000000   Number         0  defsig_general.o ABSOLUTE
    ../clib/signal.c                         0x00000000   Number         0  defsig_other.o ABSOLUTE
    ../clib/signal.c                         0x00000000   Number         0  defsig_rtmem_formal.o ABSOLUTE
    ../clib/signal.s                         0x00000000   Number         0  defsig.o ABSOLUTE
    ../clib/stdlib.c                         0x00000000   Number         0  exit.o ABSOLUTE
    ../fplib/fpinit.s                        0x00000000   Number         0  fpinit.o ABSOLUTE
    ..\User\app.c                            0x00000000   Number         0  app.o ABSOLUTE
    ..\User\uC-CPU\cpu_a.asm                 0x00000000   Number         0  cpu_a.o ABSOLUTE
    ..\User\uC-CPU\cpu_core.c                0x00000000   Number         0  cpu_core.o ABSOLUTE
    ..\User\uCOS-III\Ports\os_cpu_a.s        0x00000000   Number         0  os_cpu_a.o ABSOLUTE
    ..\User\uCOS-III\Ports\os_cpu_c.c        0x00000000   Number         0  os_cpu_c.o ABSOLUTE
    ..\User\uCOS-III\Source\os_cfg_app.c     0x00000000   Number         0  os_cfg_app.o ABSOLUTE
    ..\User\uCOS-III\Source\os_core.c        0x00000000   Number         0  os_core.o ABSOLUTE
    ..\User\uCOS-III\Source\os_prio.c        0x00000000   Number         0  os_prio.o ABSOLUTE
    ..\User\uCOS-III\Source\os_task.c        0x00000000   Number         0  os_task.o ABSOLUTE
    ..\User\uCOS-III\Source\os_time.c        0x00000000   Number         0  os_time.o ABSOLUTE
    ..\User\uCOS-III\Source\os_var.c         0x00000000   Number         0  os_var.o ABSOLUTE
    ..\\User\\app.c                          0x00000000   Number         0  app.o ABSOLUTE
    ..\\User\\uCOS-III\\Ports\\os_cpu_c.c    0x00000000   Number         0  os_cpu_c.o ABSOLUTE
    RTE\Device\ARMCM3\startup_ARMCM3.s       0x00000000   Number         0  startup_armcm3.o ABSOLUTE
    RTE\Device\ARMCM3\system_ARMCM3.c        0x00000000   Number         0  system_armcm3.o ABSOLUTE
    RTE\\Device\\ARMCM3\\system_ARMCM3.c     0x00000000   Number         0  system_armcm3.o ABSOLUTE
    dc.s                                     0x00000000   Number         0  dc.o ABSOLUTE
    !!!main                                  0x000000c0   Section        8  __main.o(!!!main)
    !!!scatter                               0x000000c8   Section       52  __scatter.o(!!!scatter)
    !!handler_copy                           0x000000fc   Section       26  __scatter_copy.o(!!handler_copy)
    !!handler_zi                             0x00000118   Section       28  __scatter_zi.o(!!handler_zi)
    .ARM.Collect$$libinit$$00000000          0x00000134   Section        2  libinit.o(.ARM.Collect$$libinit$$00000000)
    .ARM.Collect$$libinit$$00000002          0x00000136   Section        0  libinit2.o(.ARM.Collect$$libinit$$00000002)
    .ARM.Collect$$libinit$$00000004          0x00000136   Section        0  libinit2.o(.ARM.Collect$$libinit$$00000004)
    .ARM.Collect$$libinit$$0000000A          0x00000136   Section        0  libinit2.o(.ARM.Collect$$libinit$$0000000A)
    .ARM.Collect$$libinit$$0000000C          0x00000136   Section        0  libinit2.o(.ARM.Collect$$libinit$$0000000C)
    .ARM.Collect$$libinit$$0000000E          0x00000136   Section        0  libinit2.o(.ARM.Collect$$libinit$$0000000E)
    .ARM.Collect$$libinit$$00000011          0x00000136   Section        0  libinit2.o(.ARM.Collect$$libinit$$00000011)
    .ARM.Collect$$libinit$$00000013          0x00000136   Section        0  libinit2.o(.ARM.Collect$$libinit$$00000013)
    .ARM.Collect$$libinit$$00000015          0x00000136   Section        0  libinit2.o(.ARM.Collect$$libinit$$00000015)
    .ARM.Collect$$libinit$$00000017          0x00000136   Section        0  libinit2.o(.ARM.Collect$$libinit$$00000017)
    .ARM.Collect$$libinit$$00000019          0x00000136   Section        0  libinit2.o(.ARM.Collect$$libinit$$00000019)
    .ARM.Collect$$libinit$$0000001B          0x00000136   Section        0  libinit2.o(.ARM.Collect$$libinit$$0000001B)
    .ARM.Collect$$libinit$$0000001D          0x00000136   Section        0  libinit2.o(.ARM.Collect$$libinit$$0000001D)
    .ARM.Collect$$libinit$$0000001F          0x00000136   Section        0  libinit2.o(.ARM.Collect$$libinit$$0000001F)
    .ARM.Collect$$libinit$$00000021          0x00000136   Section        0  libinit2.o(.ARM.Collect$$libinit$$00000021)
    .ARM.Collect$$libinit$$00000023          0x00000136   Section        0  libinit2.o(.ARM.Collect$$libinit$$00000023)
    .ARM.Collect$$libinit$$00000025          0x00000136   Section        0  libinit2.o(.ARM.Collect$$libinit$$00000025)
    .ARM.Collect$$libinit$$0000002C          0x00000136   Section        0  libinit2.o(.ARM.Collect$$libinit$$0000002C)
    .ARM.Collect$$libinit$$0000002E          0x00000136   Section        0  libinit2.o(.ARM.Collect$$libinit$$0000002E)
    .ARM.Collect$$libinit$$00000030          0x00000136   Section        0  libinit2.o(.ARM.Collect$$libinit$$00000030)
    .ARM.Collect$$libinit$$00000032          0x00000136   Section        0  libinit2.o(.ARM.Collect$$libinit$$00000032)
    .ARM.Collect$$libinit$$00000033          0x00000136   Section        2  libinit2.o(.ARM.Collect$$libinit$$00000033)
    .ARM.Collect$$libshutdown$$00000000      0x00000138   Section        2  libshutdown.o(.ARM.Collect$$libshutdown$$00000000)
    .ARM.Collect$$libshutdown$$00000003      0x0000013a   Section        0  libshutdown2.o(.ARM.Collect$$libshutdown$$00000003)
    .ARM.Collect$$libshutdown$$00000006      0x0000013a   Section        0  libshutdown2.o(.ARM.Collect$$libshutdown$$00000006)
    .ARM.Collect$$libshutdown$$00000009      0x0000013a   Section        0  libshutdown2.o(.ARM.Collect$$libshutdown$$00000009)
    .ARM.Collect$$libshutdown$$0000000B      0x0000013a   Section        0  libshutdown2.o(.ARM.Collect$$libshutdown$$0000000B)
    .ARM.Collect$$libshutdown$$0000000E      0x0000013a   Section        0  libshutdown2.o(.ARM.Collect$$libshutdown$$0000000E)
    .ARM.Collect$$libshutdown$$0000000F      0x0000013a   Section        2  libshutdown2.o(.ARM.Collect$$libshutdown$$0000000F)
    .ARM.Collect$$rtentry$$00000000          0x0000013c   Section        0  __rtentry.o(.ARM.Collect$$rtentry$$00000000)
    .ARM.Collect$$rtentry$$00000002          0x0000013c   Section        0  __rtentry2.o(.ARM.Collect$$rtentry$$00000002)
    .ARM.Collect$$rtentry$$00000004          0x0000013c   Section        6  __rtentry4.o(.ARM.Collect$$rtentry$$00000004)
    .ARM.Collect$$rtentry$$00000009          0x00000142   Section        0  __rtentry2.o(.ARM.Collect$$rtentry$$00000009)
    .ARM.Collect$$rtentry$$0000000A          0x00000142   Section        4  __rtentry2.o(.ARM.Collect$$rtentry$$0000000A)
    .ARM.Collect$$rtentry$$0000000C          0x00000146   Section        0  __rtentry2.o(.ARM.Collect$$rtentry$$0000000C)
    .ARM.Collect$$rtentry$$0000000D          0x00000146   Section        8  __rtentry2.o(.ARM.Collect$$rtentry$$0000000D)
    .ARM.Collect$$rtexit$$00000000           0x0000014e   Section        2  rtexit.o(.ARM.Collect$$rtexit$$00000000)
    .ARM.Collect$$rtexit$$00000002           0x00000150   Section        0  rtexit2.o(.ARM.Collect$$rtexit$$00000002)
    .ARM.Collect$$rtexit$$00000003           0x00000150   Section        4  rtexit2.o(.ARM.Collect$$rtexit$$00000003)
    .ARM.Collect$$rtexit$$00000004           0x00000154   Section        6  rtexit2.o(.ARM.Collect$$rtexit$$00000004)
    .text                                    0x0000015c   Section       38  cpu_a.o(.text)
    .text                                    0x00000184   Section       64  startup_armcm3.o(.text)
    .text                                    0x000001c4   Section        0  heapauxi.o(.text)
    .text                                    0x000001ca   Section       74  sys_stackheap_outer.o(.text)
    .text                                    0x00000214   Section        0  exit.o(.text)
    .text                                    0x00000220   Section        8  libspace.o(.text)
    .text                                    0x00000228   Section        0  sys_exit.o(.text)
    .text                                    0x00000234   Section        2  use_no_semi.o(.text)
    .text                                    0x00000236   Section        0  indicate_semi.o(.text)
    CODE                                     0x00000238   Section      108  os_cpu_a.o(CODE)
    i.CPU_Init                               0x000002a4   Section        0  cpu_core.o(i.CPU_Init)
    i.OSInit                                 0x000002a8   Section        0  os_core.o(i.OSInit)
    i.OSSched                                0x000002f0   Section        0  os_core.o(i.OSSched)
    i.OSStart                                0x00000368   Section        0  os_core.o(i.OSStart)
    i.OSTaskCreate                           0x000003c8   Section        0  os_task.o(i.OSTaskCreate)
    i.OSTaskStkInit                          0x00000430   Section        0  os_cpu_c.o(i.OSTaskStkInit)
    i.OSTimeDly                              0x000004d0   Section        0  os_time.o(i.OSTimeDly)
    i.OSTimeTick                             0x00000510   Section        0  os_time.o(i.OSTimeTick)
    i.OS_CPU_SysTickInit                     0x00000584   Section        0  os_cpu_c.o(i.OS_CPU_SysTickInit)
    i.OS_IdleTask                            0x000005dc   Section        0  os_core.o(i.OS_IdleTask)
    i.OS_IdleTaskInit                        0x000005f0   Section        0  os_core.o(i.OS_IdleTaskInit)
    i.OS_PrioGetHighest                      0x00000630   Section        0  os_prio.o(i.OS_PrioGetHighest)
    i.OS_PrioInit                            0x00000658   Section        0  os_prio.o(i.OS_PrioInit)
    i.OS_PrioInsert                          0x00000670   Section        0  os_prio.o(i.OS_PrioInsert)
    i.OS_PrioRemove                          0x00000694   Section        0  os_prio.o(i.OS_PrioRemove)
    i.OS_RdyListInit                         0x000006b8   Section        0  os_core.o(i.OS_RdyListInit)
    i.OS_RdyListInsertTail                   0x000006dc   Section        0  os_core.o(i.OS_RdyListInsertTail)
    i.OS_TaskInitTCB                         0x00000718   Section        0  os_task.o(i.OS_TaskInitTCB)
    i.SysTick_Handler                        0x0000072c   Section        0  os_cpu_c.o(i.SysTick_Handler)
    i.SystemInit                             0x00000734   Section        0  system_armcm3.o(i.SystemInit)
    i.Task1                                  0x00000744   Section        0  app.o(i.Task1)
    i.Task2                                  0x00000764   Section        0  app.o(i.Task2)
    i.Task3                                  0x00000784   Section        0  app.o(i.Task3)
    i.main                                   0x000007a4   Section        0  app.o(i.main)
    .constdata                               0x00000834   Section        8  os_cfg_app.o(.constdata)
    .data                                    0x20000000   Section       12  app.o(.data)
    .data                                    0x2000000c   Section       16  os_var.o(.data)
    .data                                    0x2000001c   Section        4  os_prio.o(.data)
    .data                                    0x20000020   Section        4  system_armcm3.o(.data)
    .bss                                     0x20000024   Section     1608  app.o(.bss)
    Task1Stk                                 0x20000024   Data         512  app.o(.bss)
    Task2Stk                                 0x20000224   Data         512  app.o(.bss)
    Task3Stk                                 0x20000424   Data         512  app.o(.bss)
    Task1TCB                                 0x20000624   Data          24  app.o(.bss)
    Task2TCB                                 0x2000063c   Data          24  app.o(.bss)
    Task3TCB                                 0x20000654   Data          24  app.o(.bss)
    .bss                                     0x2000066c   Section      512  os_cfg_app.o(.bss)
    .bss                                     0x2000086c   Section      408  os_var.o(.bss)
    .bss                                     0x20000a04   Section       96  libspace.o(.bss)
    HEAP                                     0x20000a68   Section     3072  startup_armcm3.o(HEAP)
    Heap_Mem                                 0x20000a68   Data        3072  startup_armcm3.o(HEAP)
    STACK                                    0x20001668   Section     1024  startup_armcm3.o(STACK)
    Stack_Mem                                0x20001668   Data        1024  startup_armcm3.o(STACK)
    __initial_sp                             0x20001a68   Data           0  startup_armcm3.o(STACK)

    Global Symbols

    Symbol Name                              Value     Ov Type        Size  Object(Section)

    BuildAttributes$$THM_ISAv4$P$D$K$B$S$PE$A:L22UL41UL21$X:L11$S22US41US21$IEEE1$IW$USESV6$~STKCKD$USESV7$~SHL$OSPACE$ROPI$EBA8$UX$STANDARDLIB$REQ8$PRES8$EABIv2 0x00000000   Number         0  anon$$obj.o ABSOLUTE
    __ARM_use_no_argv                        0x00000000   Number         0  app.o ABSOLUTE
    __Vectors                                0x00000000   Data           4  startup_armcm3.o(RESET)
    __ARM_exceptions_init                     - Undefined Weak Reference
    __alloca_initialize                       - Undefined Weak Reference
    __arm_preinit_                            - Undefined Weak Reference
    __cpp_initialize__aeabi_                  - Undefined Weak Reference
    __cxa_finalize                            - Undefined Weak Reference
    __rt_locale                               - Undefined Weak Reference
    __sigvec_lookup                           - Undefined Weak Reference
    _atexit_init                              - Undefined Weak Reference
    _call_atexit_fns                          - Undefined Weak Reference
    _clock_init                               - Undefined Weak Reference
    _fp_trap_init                             - Undefined Weak Reference
    _fp_trap_shutdown                         - Undefined Weak Reference
    _get_lc_collate                           - Undefined Weak Reference
    _get_lc_ctype                             - Undefined Weak Reference
    _get_lc_monetary                          - Undefined Weak Reference
    _get_lc_numeric                           - Undefined Weak Reference
    _get_lc_time                              - Undefined Weak Reference
    _getenv_init                              - Undefined Weak Reference
    _handle_redirection                       - Undefined Weak Reference
    _init_alloc                               - Undefined Weak Reference
    _init_user_alloc                          - Undefined Weak Reference
    _initio                                   - Undefined Weak Reference
    _rand_init                                - Undefined Weak Reference
    _signal_finish                            - Undefined Weak Reference
    _signal_init                              - Undefined Weak Reference
    _terminate_alloc                          - Undefined Weak Reference
    _terminate_user_alloc                     - Undefined Weak Reference
    _terminateio                              - Undefined Weak Reference
    __Vectors_End                            0x000000c0   Data           0  startup_armcm3.o(RESET)
    __Vectors_Size                           0x000000c0   Number         0  startup_armcm3.o ABSOLUTE
    __main                                   0x000000c1   Thumb Code     8  __main.o(!!!main)
    __scatterload                            0x000000c9   Thumb Code     0  __scatter.o(!!!scatter)
    __scatterload_rt2                        0x000000c9   Thumb Code    44  __scatter.o(!!!scatter)
    __scatterload_rt2_thumb_only             0x000000c9   Thumb Code     0  __scatter.o(!!!scatter)
    __scatterload_null                       0x000000d7   Thumb Code     0  __scatter.o(!!!scatter)
    __scatterload_copy                       0x000000fd   Thumb Code    26  __scatter_copy.o(!!handler_copy)
    __scatterload_zeroinit                   0x00000119   Thumb Code    28  __scatter_zi.o(!!handler_zi)
    __rt_lib_init                            0x00000135   Thumb Code     0  libinit.o(.ARM.Collect$$libinit$$00000000)
    __rt_lib_init_alloca_1                   0x00000137   Thumb Code     0  libinit2.o(.ARM.Collect$$libinit$$0000002E)
    __rt_lib_init_argv_1                     0x00000137   Thumb Code     0  libinit2.o(.ARM.Collect$$libinit$$0000002C)
    __rt_lib_init_atexit_1                   0x00000137   Thumb Code     0  libinit2.o(.ARM.Collect$$libinit$$0000001B)
    __rt_lib_init_clock_1                    0x00000137   Thumb Code     0  libinit2.o(.ARM.Collect$$libinit$$00000021)
    __rt_lib_init_cpp_1                      0x00000137   Thumb Code     0  libinit2.o(.ARM.Collect$$libinit$$00000032)
    __rt_lib_init_exceptions_1               0x00000137   Thumb Code     0  libinit2.o(.ARM.Collect$$libinit$$00000030)
    __rt_lib_init_fp_1                       0x00000137   Thumb Code     0  libinit2.o(.ARM.Collect$$libinit$$00000002)
    __rt_lib_init_fp_trap_1                  0x00000137   Thumb Code     0  libinit2.o(.ARM.Collect$$libinit$$0000001F)
    __rt_lib_init_getenv_1                   0x00000137   Thumb Code     0  libinit2.o(.ARM.Collect$$libinit$$00000023)
    __rt_lib_init_heap_1                     0x00000137   Thumb Code     0  libinit2.o(.ARM.Collect$$libinit$$0000000A)
    __rt_lib_init_lc_collate_1               0x00000137   Thumb Code     0  libinit2.o(.ARM.Collect$$libinit$$00000011)
    __rt_lib_init_lc_ctype_1                 0x00000137   Thumb Code     0  libinit2.o(.ARM.Collect$$libinit$$00000013)
    __rt_lib_init_lc_monetary_1              0x00000137   Thumb Code     0  libinit2.o(.ARM.Collect$$libinit$$00000015)
    __rt_lib_init_lc_numeric_1               0x00000137   Thumb Code     0  libinit2.o(.ARM.Collect$$libinit$$00000017)
    __rt_lib_init_lc_time_1                  0x00000137   Thumb Code     0  libinit2.o(.ARM.Collect$$libinit$$00000019)
    __rt_lib_init_preinit_1                  0x00000137   Thumb Code     0  libinit2.o(.ARM.Collect$$libinit$$00000004)
    __rt_lib_init_rand_1                     0x00000137   Thumb Code     0  libinit2.o(.ARM.Collect$$libinit$$0000000E)
    __rt_lib_init_return                     0x00000137   Thumb Code     0  libinit2.o(.ARM.Collect$$libinit$$00000033)
    __rt_lib_init_signal_1                   0x00000137   Thumb Code     0  libinit2.o(.ARM.Collect$$libinit$$0000001D)
    __rt_lib_init_stdio_1                    0x00000137   Thumb Code     0  libinit2.o(.ARM.Collect$$libinit$$00000025)
    __rt_lib_init_user_alloc_1               0x00000137   Thumb Code     0  libinit2.o(.ARM.Collect$$libinit$$0000000C)
    __rt_lib_shutdown                        0x00000139   Thumb Code     0  libshutdown.o(.ARM.Collect$$libshutdown$$00000000)
    __rt_lib_shutdown_fp_trap_1              0x0000013b   Thumb Code     0  libshutdown2.o(.ARM.Collect$$libshutdown$$00000006)
    __rt_lib_shutdown_heap_1                 0x0000013b   Thumb Code     0  libshutdown2.o(.ARM.Collect$$libshutdown$$0000000E)
    __rt_lib_shutdown_return                 0x0000013b   Thumb Code     0  libshutdown2.o(.ARM.Collect$$libshutdown$$0000000F)
    __rt_lib_shutdown_signal_1               0x0000013b   Thumb Code     0  libshutdown2.o(.ARM.Collect$$libshutdown$$00000009)
    __rt_lib_shutdown_stdio_1                0x0000013b   Thumb Code     0  libshutdown2.o(.ARM.Collect$$libshutdown$$00000003)
    __rt_lib_shutdown_user_alloc_1           0x0000013b   Thumb Code     0  libshutdown2.o(.ARM.Collect$$libshutdown$$0000000B)
    __rt_entry                               0x0000013d   Thumb Code     0  __rtentry.o(.ARM.Collect$$rtentry$$00000000)
    __rt_entry_presh_1                       0x0000013d   Thumb Code     0  __rtentry2.o(.ARM.Collect$$rtentry$$00000002)
    __rt_entry_sh                            0x0000013d   Thumb Code     0  __rtentry4.o(.ARM.Collect$$rtentry$$00000004)
    __rt_entry_li                            0x00000143   Thumb Code     0  __rtentry2.o(.ARM.Collect$$rtentry$$0000000A)
    __rt_entry_postsh_1                      0x00000143   Thumb Code     0  __rtentry2.o(.ARM.Collect$$rtentry$$00000009)
    __rt_entry_main                          0x00000147   Thumb Code     0  __rtentry2.o(.ARM.Collect$$rtentry$$0000000D)
    __rt_entry_postli_1                      0x00000147   Thumb Code     0  __rtentry2.o(.ARM.Collect$$rtentry$$0000000C)
    __rt_exit                                0x0000014f   Thumb Code     0  rtexit.o(.ARM.Collect$$rtexit$$00000000)
    __rt_exit_ls                             0x00000151   Thumb Code     0  rtexit2.o(.ARM.Collect$$rtexit$$00000003)
    __rt_exit_prels_1                        0x00000151   Thumb Code     0  rtexit2.o(.ARM.Collect$$rtexit$$00000002)
    __rt_exit_exit                           0x00000155   Thumb Code     0  rtexit2.o(.ARM.Collect$$rtexit$$00000004)
    CPU_IntDis                               0x0000015d   Thumb Code     0  cpu_a.o(.text)
    CPU_IntEn                                0x00000161   Thumb Code     0  cpu_a.o(.text)
    CPU_SR_Save                              0x00000165   Thumb Code     0  cpu_a.o(.text)
    CPU_SR_Restore                           0x0000016d   Thumb Code     0  cpu_a.o(.text)
    CPU_CntLeadZeros                         0x00000173   Thumb Code     0  cpu_a.o(.text)
    CPU_CntTrailZeros                        0x00000179   Thumb Code     0  cpu_a.o(.text)
    Reset_Handler                            0x00000185   Thumb Code     8  startup_armcm3.o(.text)
    NMI_Handler                              0x0000018d   Thumb Code     2  startup_armcm3.o(.text)
    HardFault_Handler                        0x0000018f   Thumb Code     2  startup_armcm3.o(.text)
    MemManage_Handler                        0x00000191   Thumb Code     2  startup_armcm3.o(.text)
    BusFault_Handler                         0x00000193   Thumb Code     2  startup_armcm3.o(.text)
    UsageFault_Handler                       0x00000195   Thumb Code     2  startup_armcm3.o(.text)
    SVC_Handler                              0x00000197   Thumb Code     2  startup_armcm3.o(.text)
    DebugMon_Handler                         0x00000199   Thumb Code     2  startup_armcm3.o(.text)
    AACI_IRQHandler                          0x0000019f   Thumb Code     0  startup_armcm3.o(.text)
    CAN_IRQHandler                           0x0000019f   Thumb Code     0  startup_armcm3.o(.text)
    CHLCD_IRQHandler                         0x0000019f   Thumb Code     0  startup_armcm3.o(.text)
    CLCD_IRQHandler                          0x0000019f   Thumb Code     0  startup_armcm3.o(.text)
    CPU_CLCD_IRQHandler                      0x0000019f   Thumb Code     0  startup_armcm3.o(.text)
    ENET_IRQHandler                          0x0000019f   Thumb Code     0  startup_armcm3.o(.text)
    FLEXRAY_IRQHandler                       0x0000019f   Thumb Code     0  startup_armcm3.o(.text)
    I2C_IRQHandler                           0x0000019f   Thumb Code     0  startup_armcm3.o(.text)
    LIN_IRQHandler                           0x0000019f   Thumb Code     0  startup_armcm3.o(.text)
    MCIA_IRQHandler                          0x0000019f   Thumb Code     0  startup_armcm3.o(.text)
    MCIB_IRQHandler                          0x0000019f   Thumb Code     0  startup_armcm3.o(.text)
    RTC_IRQHandler                           0x0000019f   Thumb Code     0  startup_armcm3.o(.text)
    SPI_IRQHandler                           0x0000019f   Thumb Code     0  startup_armcm3.o(.text)
    TIM0_IRQHandler                          0x0000019f   Thumb Code     0  startup_armcm3.o(.text)
    TIM2_IRQHandler                          0x0000019f   Thumb Code     0  startup_armcm3.o(.text)
    UART0_IRQHandler                         0x0000019f   Thumb Code     0  startup_armcm3.o(.text)
    UART1_IRQHandler                         0x0000019f   Thumb Code     0  startup_armcm3.o(.text)
    UART2_IRQHandler                         0x0000019f   Thumb Code     0  startup_armcm3.o(.text)
    UART3_IRQHandler                         0x0000019f   Thumb Code     0  startup_armcm3.o(.text)
    UART4_IRQHandler                         0x0000019f   Thumb Code     0  startup_armcm3.o(.text)
    USBDC_IRQHandler                         0x0000019f   Thumb Code     0  startup_armcm3.o(.text)
    USBHC_IRQHandler                         0x0000019f   Thumb Code     0  startup_armcm3.o(.text)
    WDT_IRQHandler                           0x0000019f   Thumb Code     0  startup_armcm3.o(.text)
    __user_initial_stackheap                 0x000001a1   Thumb Code    10  startup_armcm3.o(.text)
    __use_two_region_memory                  0x000001c5   Thumb Code     2  heapauxi.o(.text)
    __rt_heap_escrow$2region                 0x000001c7   Thumb Code     2  heapauxi.o(.text)
    __rt_heap_expand$2region                 0x000001c9   Thumb Code     2  heapauxi.o(.text)
    __user_setup_stackheap                   0x000001cb   Thumb Code    74  sys_stackheap_outer.o(.text)
    exit                                     0x00000215   Thumb Code    12  exit.o(.text)
    __user_libspace                          0x00000221   Thumb Code     8  libspace.o(.text)
    __user_perproc_libspace                  0x00000221   Thumb Code     0  libspace.o(.text)
    __user_perthread_libspace                0x00000221   Thumb Code     0  libspace.o(.text)
    _sys_exit                                0x00000229   Thumb Code     8  sys_exit.o(.text)
    __I$use$semihosting                      0x00000235   Thumb Code     0  use_no_semi.o(.text)
    __use_no_semihosting_swi                 0x00000235   Thumb Code     2  use_no_semi.o(.text)
    __semihosting_library_function           0x00000237   Thumb Code     0  indicate_semi.o(.text)
    OSStartHighRdy                           0x00000239   Thumb Code    26  os_cpu_a.o(CODE)
    PendSV_Handler                           0x00000253   Thumb Code    54  os_cpu_a.o(CODE)
    CPU_Init                                 0x000002a5   Thumb Code     2  cpu_core.o(i.CPU_Init)
    OSInit                                   0x000002a9   Thumb Code    50  os_core.o(i.OSInit)
    OSSched                                  0x000002f1   Thumb Code   100  os_core.o(i.OSSched)
    OSStart                                  0x00000369   Thumb Code    70  os_core.o(i.OSStart)
    OSTaskCreate                             0x000003c9   Thumb Code   104  os_task.o(i.OSTaskCreate)
    OSTaskStkInit                            0x00000431   Thumb Code   160  os_cpu_c.o(i.OSTaskStkInit)
    OSTimeDly                                0x000004d1   Thumb Code    58  os_time.o(i.OSTimeDly)
    OSTimeTick                               0x00000511   Thumb Code   110  os_time.o(i.OSTimeTick)
    OS_CPU_SysTickInit                       0x00000585   Thumb Code    74  os_cpu_c.o(i.OS_CPU_SysTickInit)
    OS_IdleTask                              0x000005dd   Thumb Code    16  os_core.o(i.OS_IdleTask)
    OS_IdleTaskInit                          0x000005f1   Thumb Code    42  os_core.o(i.OS_IdleTaskInit)
    OS_PrioGetHighest                        0x00000631   Thumb Code    36  os_prio.o(i.OS_PrioGetHighest)
    OS_PrioInit                              0x00000659   Thumb Code    20  os_prio.o(i.OS_PrioInit)
    OS_PrioInsert                            0x00000671   Thumb Code    32  os_prio.o(i.OS_PrioInsert)
    OS_PrioRemove                            0x00000695   Thumb Code    32  os_prio.o(i.OS_PrioRemove)
    OS_RdyListInit                           0x000006b9   Thumb Code    32  os_core.o(i.OS_RdyListInit)
    OS_RdyListInsertTail                     0x000006dd   Thumb Code    54  os_core.o(i.OS_RdyListInsertTail)
    OS_TaskInitTCB                           0x00000719   Thumb Code    20  os_task.o(i.OS_TaskInitTCB)
    SysTick_Handler                          0x0000072d   Thumb Code     8  os_cpu_c.o(i.SysTick_Handler)
    SystemInit                               0x00000735   Thumb Code     8  system_armcm3.o(i.SystemInit)
    Task1                                    0x00000745   Thumb Code    28  app.o(i.Task1)
    Task2                                    0x00000765   Thumb Code    28  app.o(i.Task2)
    Task3                                    0x00000785   Thumb Code    28  app.o(i.Task3)
    main                                     0x000007a5   Thumb Code   106  app.o(i.main)
    OSCfg_IdleTaskStkBasePtr                 0x00000834   Data           4  os_cfg_app.o(.constdata)
    OSCfg_IdleTaskStkSize                    0x00000838   Data           4  os_cfg_app.o(.constdata)
    Region$$Table$$Base                      0x0000083c   Number         0  anon$$obj.o(Region$$Table)
    Region$$Table$$Limit                     0x0000085c   Number         0  anon$$obj.o(Region$$Table)
    flag1                                    0x20000000   Data           4  app.o(.data)
    flag2                                    0x20000004   Data           4  app.o(.data)
    flag3                                    0x20000008   Data           4  app.o(.data)
    OSTCBCurPtr                              0x2000000c   Data           4  os_var.o(.data)
    OSTCBHighRdyPtr                          0x20000010   Data           4  os_var.o(.data)
    OSPrioCur                                0x20000014   Data           1  os_var.o(.data)
    OSPrioHighRdy                            0x20000015   Data           1  os_var.o(.data)
    OSRunning                                0x20000016   Data           1  os_var.o(.data)
    OSIdleTaskCtr                            0x20000018   Data           4  os_var.o(.data)
    OSPrioTbl                                0x2000001c   Data           4  os_prio.o(.data)
    SystemCoreClock                          0x20000020   Data           4  system_armcm3.o(.data)
    OSCfg_IdleTaskStk                        0x2000066c   Data         512  os_cfg_app.o(.bss)
    OSRdyList                                0x2000086c   Data         384  os_var.o(.bss)
    OSIdleTaskTCB                            0x200009ec   Data          24  os_var.o(.bss)
    __libspace_start                         0x20000a04   Data          96  libspace.o(.bss)
    __temporary_stack_top$libspace           0x20000a64   Data           0  libspace.o(.bss)



==============================================================================

Memory Map of the image

  Image Entry point : 0x000000c1

  Load Region LR_IROM1 (Base: 0x00000000, Size: 0x00000880, Max: 0x00040000, ABSOLUTE)

    Execution Region ER_IROM1 (Base: 0x00000000, Size: 0x0000085c, Max: 0x00040000, ABSOLUTE)

    Base Addr    Size         Type   Attr      Idx    E Section Name        Object

    0x00000000   0x000000c0   Data   RO          337    RESET               startup_armcm3.o
    0x000000c0   0x00000008   Code   RO          382  * !!!main             c_w.l(__main.o)
    0x000000c8   0x00000034   Code   RO          538    !!!scatter          c_w.l(__scatter.o)
    0x000000fc   0x0000001a   Code   RO          540    !!handler_copy      c_w.l(__scatter_copy.o)
    0x00000116   0x00000002   PAD
    0x00000118   0x0000001c   Code   RO          542    !!handler_zi        c_w.l(__scatter_zi.o)
    0x00000134   0x00000002   Code   RO          409    .ARM.Collect$$libinit$$00000000  c_w.l(libinit.o)
    0x00000136   0x00000000   Code   RO          416    .ARM.Collect$$libinit$$00000002  c_w.l(libinit2.o)
    0x00000136   0x00000000   Code   RO          418    .ARM.Collect$$libinit$$00000004  c_w.l(libinit2.o)
    0x00000136   0x00000000   Code   RO          421    .ARM.Collect$$libinit$$0000000A  c_w.l(libinit2.o)
    0x00000136   0x00000000   Code   RO          423    .ARM.Collect$$libinit$$0000000C  c_w.l(libinit2.o)
    0x00000136   0x00000000   Code   RO          425    .ARM.Collect$$libinit$$0000000E  c_w.l(libinit2.o)
    0x00000136   0x00000000   Code   RO          428    .ARM.Collect$$libinit$$00000011  c_w.l(libinit2.o)
    0x00000136   0x00000000   Code   RO          430    .ARM.Collect$$libinit$$00000013  c_w.l(libinit2.o)
    0x00000136   0x00000000   Code   RO          432    .ARM.Collect$$libinit$$00000015  c_w.l(libinit2.o)
    0x00000136   0x00000000   Code   RO          434    .ARM.Collect$$libinit$$00000017  c_w.l(libinit2.o)
    0x00000136   0x00000000   Code   RO          436    .ARM.Collect$$libinit$$00000019  c_w.l(libinit2.o)
    0x00000136   0x00000000   Code   RO          438    .ARM.Collect$$libinit$$0000001B  c_w.l(libinit2.o)
    0x00000136   0x00000000   Code   RO          440    .ARM.Collect$$libinit$$0000001D  c_w.l(libinit2.o)
    0x00000136   0x00000000   Code   RO          442    .ARM.Collect$$libinit$$0000001F  c_w.l(libinit2.o)
    0x00000136   0x00000000   Code   RO          444    .ARM.Collect$$libinit$$00000021  c_w.l(libinit2.o)
    0x00000136   0x00000000   Code   RO          446    .ARM.Collect$$libinit$$00000023  c_w.l(libinit2.o)
    0x00000136   0x00000000   Code   RO          448    .ARM.Collect$$libinit$$00000025  c_w.l(libinit2.o)
    0x00000136   0x00000000   Code   RO          452    .ARM.Collect$$libinit$$0000002C  c_w.l(libinit2.o)
    0x00000136   0x00000000   Code   RO          454    .ARM.Collect$$libinit$$0000002E  c_w.l(libinit2.o)
    0x00000136   0x00000000   Code   RO          456    .ARM.Collect$$libinit$$00000030  c_w.l(libinit2.o)
    0x00000136   0x00000000   Code   RO          458    .ARM.Collect$$libinit$$00000032  c_w.l(libinit2.o)
    0x00000136   0x00000002   Code   RO          459    .ARM.Collect$$libinit$$00000033  c_w.l(libinit2.o)
    0x00000138   0x00000002   Code   RO          479    .ARM.Collect$$libshutdown$$00000000  c_w.l(libshutdown.o)
    0x0000013a   0x00000000   Code   RO          493    .ARM.Collect$$libshutdown$$00000003  c_w.l(libshutdown2.o)
    0x0000013a   0x00000000   Code   RO          496    .ARM.Collect$$libshutdown$$00000006  c_w.l(libshutdown2.o)
    0x0000013a   0x00000000   Code   RO          499    .ARM.Collect$$libshutdown$$00000009  c_w.l(libshutdown2.o)
    0x0000013a   0x00000000   Code   RO          501    .ARM.Collect$$libshutdown$$0000000B  c_w.l(libshutdown2.o)
    0x0000013a   0x00000000   Code   RO          504    .ARM.Collect$$libshutdown$$0000000E  c_w.l(libshutdown2.o)
    0x0000013a   0x00000002   Code   RO          505    .ARM.Collect$$libshutdown$$0000000F  c_w.l(libshutdown2.o)
    0x0000013c   0x00000000   Code   RO          384    .ARM.Collect$$rtentry$$00000000  c_w.l(__rtentry.o)
    0x0000013c   0x00000000   Code   RO          386    .ARM.Collect$$rtentry$$00000002  c_w.l(__rtentry2.o)
    0x0000013c   0x00000006   Code   RO          398    .ARM.Collect$$rtentry$$00000004  c_w.l(__rtentry4.o)
    0x00000142   0x00000000   Code   RO          388    .ARM.Collect$$rtentry$$00000009  c_w.l(__rtentry2.o)
    0x00000142   0x00000004   Code   RO          389    .ARM.Collect$$rtentry$$0000000A  c_w.l(__rtentry2.o)
    0x00000146   0x00000000   Code   RO          391    .ARM.Collect$$rtentry$$0000000C  c_w.l(__rtentry2.o)
    0x00000146   0x00000008   Code   RO          392    .ARM.Collect$$rtentry$$0000000D  c_w.l(__rtentry2.o)
    0x0000014e   0x00000002   Code   RO          413    .ARM.Collect$$rtexit$$00000000  c_w.l(rtexit.o)
    0x00000150   0x00000000   Code   RO          461    .ARM.Collect$$rtexit$$00000002  c_w.l(rtexit2.o)
    0x00000150   0x00000004   Code   RO          462    .ARM.Collect$$rtexit$$00000003  c_w.l(rtexit2.o)
    0x00000154   0x00000006   Code   RO          463    .ARM.Collect$$rtexit$$00000004  c_w.l(rtexit2.o)
    0x0000015a   0x00000002   PAD
    0x0000015c   0x00000026   Code   RO          311    .text               cpu_a.o
    0x00000182   0x00000002   PAD
    0x00000184   0x00000040   Code   RO          338    .text               startup_armcm3.o
    0x000001c4   0x00000006   Code   RO          380    .text               c_w.l(heapauxi.o)
    0x000001ca   0x0000004a   Code   RO          400    .text               c_w.l(sys_stackheap_outer.o)
    0x00000214   0x0000000c   Code   RO          402    .text               c_w.l(exit.o)
    0x00000220   0x00000008   Code   RO          410    .text               c_w.l(libspace.o)
    0x00000228   0x0000000c   Code   RO          471    .text               c_w.l(sys_exit.o)
    0x00000234   0x00000002   Code   RO          482    .text               c_w.l(use_no_semi.o)
    0x00000236   0x00000000   Code   RO          484    .text               c_w.l(indicate_semi.o)
    0x00000236   0x00000002   PAD
    0x00000238   0x0000006c   Code   RO          267    CODE                os_cpu_a.o
    0x000002a4   0x00000002   Code   RO          315    i.CPU_Init          cpu_core.o
    0x000002a6   0x00000002   PAD
    0x000002a8   0x00000048   Code   RO           95    i.OSInit            os_core.o
    0x000002f0   0x00000078   Code   RO           96    i.OSSched           os_core.o
    0x00000368   0x00000060   Code   RO           97    i.OSStart           os_core.o
    0x000003c8   0x00000068   Code   RO          184    i.OSTaskCreate      os_task.o
    0x00000430   0x000000a0   Code   RO          274    i.OSTaskStkInit     os_cpu_c.o
    0x000004d0   0x00000040   Code   RO          202    i.OSTimeDly         os_time.o
    0x00000510   0x00000074   Code   RO          203    i.OSTimeTick        os_time.o
    0x00000584   0x00000058   Code   RO          275    i.OS_CPU_SysTickInit  os_cpu_c.o
    0x000005dc   0x00000014   Code   RO           98    i.OS_IdleTask       os_core.o
    0x000005f0   0x00000040   Code   RO           99    i.OS_IdleTaskInit   os_core.o
    0x00000630   0x00000028   Code   RO          234    i.OS_PrioGetHighest  os_prio.o
    0x00000658   0x00000018   Code   RO          235    i.OS_PrioInit       os_prio.o
    0x00000670   0x00000024   Code   RO          236    i.OS_PrioInsert     os_prio.o
    0x00000694   0x00000024   Code   RO          237    i.OS_PrioRemove     os_prio.o
    0x000006b8   0x00000024   Code   RO          100    i.OS_RdyListInit    os_core.o
    0x000006dc   0x0000003c   Code   RO          103    i.OS_RdyListInsertTail  os_core.o
    0x00000718   0x00000014   Code   RO          185    i.OS_TaskInitTCB    os_task.o
    0x0000072c   0x00000008   Code   RO          276    i.SysTick_Handler   os_cpu_c.o
    0x00000734   0x00000010   Code   RO          346    i.SystemInit        system_armcm3.o
    0x00000744   0x00000020   Code   RO            4    i.Task1             app.o
    0x00000764   0x00000020   Code   RO            5    i.Task2             app.o
    0x00000784   0x00000020   Code   RO            6    i.Task3             app.o
    0x000007a4   0x00000090   Code   RO            7    i.main              app.o
    0x00000834   0x00000008   Data   RO          168    .constdata          os_cfg_app.o
    0x0000083c   0x00000020   Data   RO          536    Region$$Table       anon$$obj.o


    Execution Region RW_IRAM1 (Base: 0x20000000, Size: 0x00001a68, Max: 0x00020000, ABSOLUTE)

    Base Addr    Size         Type   Attr      Idx    E Section Name        Object

    0x20000000   0x0000000c   Data   RW            9    .data               app.o
    0x2000000c   0x00000010   Data   RW          221    .data               os_var.o
    0x2000001c   0x00000004   Data   RW          238    .data               os_prio.o
    0x20000020   0x00000004   Data   RW          347    .data               system_armcm3.o
    0x20000024   0x00000648   Zero   RW            8    .bss                app.o
    0x2000066c   0x00000200   Zero   RW          167    .bss                os_cfg_app.o
    0x2000086c   0x00000198   Zero   RW          220    .bss                os_var.o
    0x20000a04   0x00000060   Zero   RW          411    .bss                c_w.l(libspace.o)
    0x20000a64   0x00000004   PAD
    0x20000a68   0x00000c00   Zero   RW          336    HEAP                startup_armcm3.o
    0x20001668   0x00000400   Zero   RW          335    STACK               startup_armcm3.o


==============================================================================

Image component sizes


      Code (inc. data)   RO Data    RW Data    ZI Data      Debug   Object Name

       240         50          0         12       1608      16424   app.o
        38          0          0          0          0        248   cpu_a.o
         2          0          0          0          0        383   cpu_core.o
         0          0          8          0        512        687   os_cfg_app.o
       468        104          0          0          0       3773   os_core.o
       108         24          0          0          0        452   os_cpu_a.o
       256         14          0          0          0      25814   os_cpu_c.o
       136         16          0          4          0       2530   os_prio.o
       124          0          0          0          0       1548   os_task.o
       180         12          0          0          0       1029   os_time.o
         0          0          0         16        408       5443   os_var.o
        64         26        192          0       4096        824   startup_armcm3.o
        16          8          0          4          0        627   system_armcm3.o

    ----------------------------------------------------------------------
      1636        254        232         36       6624      59782   Object Totals
         0          0         32          0          0          0   (incl. Generated)
         4          0          0          0          0          0   (incl. Padding)

    ----------------------------------------------------------------------

      Code (inc. data)   RO Data    RW Data    ZI Data      Debug   Library Member Name

         8          0          0          0          0         68   __main.o
         0          0          0          0          0          0   __rtentry.o
        12          0          0          0          0          0   __rtentry2.o
         6          0          0          0          0          0   __rtentry4.o
        52          8          0          0          0          0   __scatter.o
        26          0          0          0          0          0   __scatter_copy.o
        28          0          0          0          0          0   __scatter_zi.o
        12          0          0          0          0         72   exit.o
         6          0          0          0          0        152   heapauxi.o
         0          0          0          0          0          0   indicate_semi.o
         2          0          0          0          0          0   libinit.o
         2          0          0          0          0          0   libinit2.o
         2          0          0          0          0          0   libshutdown.o
         2          0          0          0          0          0   libshutdown2.o
         8          4          0          0         96         68   libspace.o
         2          0          0          0          0          0   rtexit.o
        10          0          0          0          0          0   rtexit2.o
        12          4          0          0          0         68   sys_exit.o
        74          0          0          0          0         80   sys_stackheap_outer.o
         2          0          0          0          0         68   use_no_semi.o

    ----------------------------------------------------------------------
       272         16          0          0        100        576   Library Totals
         6          0          0          0          4          0   (incl. Padding)

    ----------------------------------------------------------------------

      Code (inc. data)   RO Data    RW Data    ZI Data      Debug   Library Name

       266         16          0          0         96        576   c_w.l

    ----------------------------------------------------------------------
       272         16          0          0        100        576   Library Totals

    ----------------------------------------------------------------------

==============================================================================


      Code (inc. data)   RO Data    RW Data    ZI Data      Debug   

      1908        270        232         36       6724      59106   Grand Totals
      1908        270        232         36       6724      59106   ELF Image Totals
      1908        270        232         36          0          0   ROM Totals

==============================================================================

    Total RO  Size (Code + RO Data)                 2140 (   2.09kB)
    Total RW  Size (RW Data + ZI Data)              6760 (   6.60kB)
    Total ROM Size (Code + RO Data + RW Data)       2176 (   2.13kB)

==============================================================================

