<html>
<body>
<pre>
<h1>µVision Build Log</h1>
<h2>Tool Versions:</h2>
IDE-Version: ¦ÌVision V5.14.0.0
Copyright (C) 2015 ARM Ltd and ARM Germany GmbH. All rights reserved.
License Information: Mount256 Mount256, Mount256, LIC=D0D7S-LT7YF-FWF2N-Y9Q93-PM13N-WN9AK
 
Tool Versions:
Toolchain:       MDK-ARM Standard  Version: 5.14.0.0
Toolchain Path:  D:\MDK5\ARM\ARMCC\Bin
C Compiler:      Armcc.exe V5.05 update 1 (build 106)
Assembler:       Armasm.exe V5.05 update 1 (build 106)
Linker/Locator:  ArmLink.exe V5.05 update 1 (build 106)
Library Manager: ArmAr.exe V5.05 update 1 (build 106)
Hex Converter:   FromElf.exe V5.05 update 1 (build 106)
CPU DLL:         SARMCM3.DLL V5.14.0.0
Dialog DLL:      DCM.DLL V1.13.1.0
Target DLL:      UL2CM3.DLL V1.155.0.0
Dialog DLL:      TCM.DLL V1.14.4.0
 
<h2>Project:</h2>
E:\UCOS-LEARN\UCOS_05\Project\UCOS-III.uvprojx
Project File Date:  01/25/2022

<h2>Output:</h2>
Build target 'Target 1'
compiling app.c...
..\User\app.c(35): warning:  #223-D: function "CPU_IntDis" declared implicitly
        CPU_IntDis();
..\User\app.c: 1 warning, 0 errors
compiling os_core.c...
..\User\uCOS-III\Source\os_core.c(45): warning:  #188-D: enumerated type mixed with another type
                *p_err = OS_STATE_OS_RUNNING;
..\User\uCOS-III\Source\os_core.c: 1 warning, 0 errors
compiling os_cfg_app.c...
compiling os_task.c...
compiling os_time.c...
compiling os_var.c...
compiling os_cpu_c.c...
compiling cpu_core.c...
linking...
Program Size: Code=1548 RO-data=232 RW-data=44 ZI-data=5156  
".\Objects\UCOS-III.axf" - 0 Error(s), 2 Warning(s).

<h2>Software Packages used:</h2>

Package Vendor: ARM
                http://www.keil.com/pack/ARM.CMSIS.4.2.0.pack
                ARM::Device:Startup:1.0.1
                CMSIS (Cortex Microcontroller Software Interface Standard)
   * Component: Startup Version: 1.0.1
   * Component: CORE Version: 3.40.0

<h2>Collection of Component include folders:</h2>
  E:\UCOS-LEARN\UCOS_05\Project\RTE
  D:\MDK5\ARM\PACK\ARM\CMSIS\4.2.0\CMSIS\Include
  D:\MDK5\ARM\PACK\ARM\CMSIS\4.2.0\Device\ARM\ARMCM3\Include

<h2>Collection of Component Files used:</h2>

   * Component: ARM::Device:Startup:1.0.1
      Source file:   Device\ARM\ARMCM3\Source\system_ARMCM3.c
      Source file:   Device\ARM\ARMCM3\Source\ARM\startup_ARMCM3.s
      Include file:  Device\ARM\ARMCM3\Include\ARMCM3.h

   * Component: ARM::CMSIS:CORE:3.40.0
      Source file:   CMSIS\UserCodeTemplates\ARM\ITM_Retarget.c
</pre>
</body>
</html>
