Component: ARM Compiler 5.05 update 1 (build 106) Tool: armlink [4d0efa]

==============================================================================

Section Cross References

    startup_stm32f10x_hd.o(RESET) refers to startup_stm32f10x_hd.o(STACK) for __initial_sp
    startup_stm32f10x_hd.o(RESET) refers to startup_stm32f10x_hd.o(.text) for Reset_Handler
    startup_stm32f10x_hd.o(RESET) refers to stm32f10x_it.o(.text) for NMI_Handler
    startup_stm32f10x_hd.o(RESET) refers to os_cpu_a.o(CODE) for OS_CPU_PendSVHandler
    startup_stm32f10x_hd.o(RESET) refers to os_cpu_c.o(.text) for OS_CPU_SysTickHandler
    startup_stm32f10x_hd.o(.text) refers to system_stm32f10x.o(.text) for SystemInit
    startup_stm32f10x_hd.o(.text) refers to entry.o(.ARM.Collect$$$$00000000) for __main
    system_stm32f10x.o(.text) refers to system_stm32f10x.o(.data) for SystemCoreClock
    stm32f10x_adc.o(.text) refers to stm32f10x_rcc.o(.text) for RCC_APB2PeriphResetCmd
    stm32f10x_bkp.o(.text) refers to stm32f10x_rcc.o(.text) for RCC_BackupResetCmd
    stm32f10x_can.o(.text) refers to stm32f10x_rcc.o(.text) for RCC_APB1PeriphResetCmd
    stm32f10x_cec.o(.text) refers to stm32f10x_rcc.o(.text) for RCC_APB1PeriphResetCmd
    stm32f10x_dac.o(.text) refers to stm32f10x_rcc.o(.text) for RCC_APB1PeriphResetCmd
    stm32f10x_gpio.o(.text) refers to stm32f10x_rcc.o(.text) for RCC_APB2PeriphResetCmd
    stm32f10x_i2c.o(.text) refers to stm32f10x_rcc.o(.text) for RCC_APB1PeriphResetCmd
    stm32f10x_pwr.o(.text) refers to stm32f10x_rcc.o(.text) for RCC_APB1PeriphResetCmd
    stm32f10x_rcc.o(.text) refers to stm32f10x_rcc.o(.data) for APBAHBPrescTable
    stm32f10x_spi.o(.text) refers to stm32f10x_rcc.o(.text) for RCC_APB2PeriphResetCmd
    stm32f10x_tim.o(.text) refers to stm32f10x_rcc.o(.text) for RCC_APB2PeriphResetCmd
    stm32f10x_usart.o(.text) refers to stm32f10x_rcc.o(.text) for RCC_APB2PeriphResetCmd
    stm32f10x_wwdg.o(.text) refers to stm32f10x_rcc.o(.text) for RCC_APB1PeriphResetCmd
    app.o(.text) refers to bsp.o(.text) for BSP_Init
    app.o(.text) refers to cpu_core.o(.text) for CPU_Init
    app.o(.text) refers to os_cpu_c.o(.text) for OS_CPU_SysTickInit
    app.o(.text) refers to lib_mem.o(.text) for Mem_Init
    app.o(.text) refers to os_stat.o(.text) for OSStatTaskCPUUsageInit
    app.o(.text) refers to stm32f10x_gpio.o(.text) for GPIO_ReadOutputDataBit
    app.o(.text) refers to os_time.o(.text) for OSTimeDly
    app.o(.text) refers to os_core.o(.text) for OSInit
    app.o(.text) refers to os_task.o(.text) for OSTaskCreate
    app.o(.text) refers to os_cfg_app.o(.constdata) for OSCfg_TickRate_Hz
    app.o(.text) refers to app.o(.bss) for AppTaskStartStk
    os_app_hooks.o(.text) refers to cpu_a.o(.text) for CPU_SR_Save
    os_app_hooks.o(.text) refers to cpu_core.o(.text) for CPU_IntDisMeasStart
    os_app_hooks.o(.text) refers to os_var.o(.data) for OS_AppTaskCreateHookPtr
    bsp_led.o(.text) refers to stm32f10x_rcc.o(.text) for RCC_APB2PeriphClockCmd
    bsp_led.o(.text) refers to stm32f10x_gpio.o(.text) for GPIO_Init
    bsp.o(.text) refers to misc.o(.text) for NVIC_PriorityGroupConfig
    bsp.o(.text) refers to bsp_led.o(.text) for LED_Init
    bsp.o(.text) refers to stm32f10x_rcc.o(.text) for RCC_GetClocksFreq
    bsp.o(.text) refers to cpu_core.o(.text) for CPU_TS_TmrFreqSet
    cpu_c.o(.text) refers to cpu_a.o(.text) for CPU_SR_Save
    cpu_c.o(.text) refers to cpu_core.o(.text) for CPU_IntDisMeasStart
    cpu_core.o(.text) refers to bsp.o(.text) for CPU_TS_TmrRd
    cpu_core.o(.text) refers to cpu_a.o(.text) for CPU_SR_Save
    cpu_core.o(.text) refers to lib_mem.o(.text) for Mem_Clr
    cpu_core.o(.text) refers to lib_str.o(.text) for Str_Copy_N
    cpu_core.o(.text) refers to cpu_core.o(.data) for CPU_IntDisNestCtr
    cpu_core.o(.text) refers to cpu_core.o(.bss) for CPU_Name
    cpu_core.o(.text) refers to cpu_core.o(.constdata) for CPU_CntLeadZerosTbl
    lib_math.o(.text) refers to cpu_a.o(.text) for CPU_SR_Save
    lib_math.o(.text) refers to cpu_core.o(.text) for CPU_IntDisMeasStart
    lib_math.o(.text) refers to lib_math.o(.data) for Math_RandSeedCur
    lib_mem.o(.text) refers to lib_mem_a.o(.text) for Mem_Copy
    lib_mem.o(.text) refers to cpu_core.o(.text) for CPU_SW_Exception
    lib_mem.o(.text) refers to cpu_a.o(.text) for CPU_SR_Save
    lib_mem.o(.text) refers to lib_mem.o(.bss) for Mem_PoolHeap
    lib_mem.o(.text) refers to lib_mem.o(.data) for Mem_PoolTbl
    lib_str.o(.text) refers to lib_ascii.o(.text) for ASCII_ToLower
    lib_str.o(.text) refers to lib_str.o(.constdata) for Str_MultOvfThTbl_Int32U
    os_cfg_app.o(.constdata) refers to os_cfg_app.o(.bss) for OSCfg_IdleTaskStk
    os_core.o(.text) refers to cpu_a.o(.text) for CPU_SR_Save
    os_core.o(.text) refers to cpu_core.o(.text) for CPU_IntDisMeasStart
    os_core.o(.text) refers to os_cpu_c.o(.text) for OSIdleTaskHook
    os_core.o(.text) refers to os_task.o(.text) for OSTaskCreate
[...]
    os_stat.o(.text) refers to os_var.o(.data) for OSIntQTaskTimeMax
    os_stat.o(.text) refers to os_var.o(.bss) for OSMsgPool
    os_stat.o(.text) refers to os_cfg_app.o(.constdata) for OSCfg_TickRate_Hz
    os_task.o(.text) refers to cpu_a.o(.text) for CPU_SR_Save
    os_task.o(.text) refers to cpu_core.o(.text) for CPU_IntDisMeasStart
    os_task.o(.text) refers to os_core.o(.text) for OS_SchedLockTimeMeasStart
    os_task.o(.text) refers to os_prio.o(.text) for OS_PrioInsert
    os_task.o(.text) refers to os_msg.o(.text) for OS_MsgQInit
    os_task.o(.text) refers to bsp.o(.text) for CPU_TS_TmrRd
    os_task.o(.text) refers to os_cpu_c.o(.text) for OSTaskStkInit
    os_task.o(.text) refers to os_var.o(.data) for OSIntNestingCtr
    os_task.o(.text) refers to os_cfg_app.o(.constdata) for OSCfg_StkSizeMin
    os_task.o(.text) refers to os_var.o(.bss) for OSIntQTaskTCB
    os_task.o(.text) refers to os_tick.o(.text) for OS_TickListRemove
    os_task.o(.text) refers to os_int.o(.text) for OS_IntQPost
    os_tick.o(.text) refers to cpu_a.o(.text) for CPU_SR_Save
    os_tick.o(.text) refers to cpu_core.o(.text) for CPU_IntDisMeasStart
    os_tick.o(.text) refers to os_core.o(.text) for OS_SchedLockTimeMeasStart
    os_tick.o(.text) refers to bsp.o(.text) for CPU_TS_TmrRd
    os_tick.o(.text) refers to os_task.o(.text) for OSTaskSemPend
    os_tick.o(.text) refers to os_var.o(.data) for OSSchedLockNestingCtr
    os_tick.o(.text) refers to os_cfg_app.o(.constdata) for OSCfg_TickWheelSize
    os_tick.o(.text) refers to os_cfg_app.o(.bss) for OSCfg_TickWheel
    os_tick.o(.text) refers to os_var.o(.bss) for OSTickTaskTCB
    os_time.o(.text) refers to cpu_a.o(.text) for CPU_SR_Save
    os_time.o(.text) refers to cpu_core.o(.text) for CPU_IntDisMeasStart
    os_time.o(.text) refers to os_core.o(.text) for OS_SchedLockTimeMeasStart
    os_time.o(.text) refers to os_tick.o(.text) for OS_TickListInsert
    os_time.o(.text) refers to os_var.o(.data) for OSIntNestingCtr
    os_time.o(.text) refers to os_cfg_app.o(.constdata) for OSCfg_TickRate_Hz
    os_time.o(.text) refers to os_cpu_c.o(.text) for OSTimeTickHook
    os_time.o(.text) refers to bsp.o(.text) for CPU_TS_TmrRd
    os_time.o(.text) refers to os_int.o(.text) for OS_IntQPost
    os_time.o(.text) refers to os_var.o(.bss) for OSRdyList
    os_tmr.o(.text) refers to cpu_a.o(.text) for CPU_SR_Save
    os_tmr.o(.text) refers to cpu_core.o(.text) for CPU_IntDisMeasStart
    os_tmr.o(.text) refers to os_core.o(.text) for OS_SchedLockTimeMeasStart
    os_tmr.o(.text) refers to os_var.o(.data) for OSTmrDbgListPtr
    os_tmr.o(.text) refers to os_cfg_app.o(.constdata) for OSCfg_TmrWheelSize
    os_tmr.o(.text) refers to os_cfg_app.o(.bss) for OSCfg_TmrWheel
    os_tmr.o(.text) refers to os_task.o(.text) for OSTaskSemPend
    os_tmr.o(.text) refers to bsp.o(.text) for CPU_TS_TmrRd
    os_tmr.o(.text) refers to os_var.o(.bss) for OSTmrTaskTCB
    os_cpu_a.o(CODE) refers to os_cpu_c.o(.data) for OS_CPU_ExceptStkBase
    os_cpu_a.o(CODE) refers to os_var.o(.data) for OSTCBCurPtr
    os_cpu_a.o(CODE) refers to os_cpu_c.o(.text) for OSTaskSwHook
    os_cpu_c.o(.text) refers to bsp.o(.text) for CPU_TS_TmrRd
    os_cpu_c.o(.text) refers to cpu_core.o(.text) for CPU_IntDisMeasMaxCurReset
    os_cpu_c.o(.text) refers to cpu_a.o(.text) for CPU_SR_Save
    os_cpu_c.o(.text) refers to os_time.o(.text) for OSTimeTick
    os_cpu_c.o(.text) refers to os_core.o(.text) for OSIntExit
    os_cpu_c.o(.text) refers to os_var.o(.data) for OS_AppIdleTaskHookPtr
    os_cpu_c.o(.text) refers to os_cfg_app.o(.constdata) for OSCfg_ISRStkBasePtr
    os_cpu_c.o(.text) refers to os_cpu_c.o(.data) for OS_CPU_ExceptStkBase
    os_cpu_c.o(.text) refers to os_task.o(.text) for OS_TaskReturn
    entry.o(.ARM.Collect$$$$00000000) refers (Special) to entry10a.o(.ARM.Collect$$$$0000000D) for __rt_final_cpp
    entry.o(.ARM.Collect$$$$00000000) refers (Special) to entry11a.o(.ARM.Collect$$$$0000000F) for __rt_final_exit
    entry.o(.ARM.Collect$$$$00000000) refers (Special) to entry7b.o(.ARM.Collect$$$$00000008) for _main_clock
    entry.o(.ARM.Collect$$$$00000000) refers (Special) to entry8b.o(.ARM.Collect$$$$0000000A) for _main_cpp_init
    entry.o(.ARM.Collect$$$$00000000) refers (Special) to entry9a.o(.ARM.Collect$$$$0000000B) for _main_init
    entry.o(.ARM.Collect$$$$00000000) refers (Special) to entry5.o(.ARM.Collect$$$$00000004) for _main_scatterload
    entry.o(.ARM.Collect$$$$00000000) refers (Special) to entry2.o(.ARM.Collect$$$$00000001) for _main_stk
    entry2.o(.ARM.Collect$$$$00000001) refers to entry2.o(.ARM.Collect$$$$00002712) for __lit__00000000
    entry2.o(.ARM.Collect$$$$00002712) refers to startup_stm32f10x_hd.o(STACK) for __initial_sp
    entry2.o(__vectab_stack_and_reset_area) refers to startup_stm32f10x_hd.o(STACK) for __initial_sp
    entry2.o(__vectab_stack_and_reset_area) refers to entry.o(.ARM.Collect$$$$00000000) for __main
    entry5.o(.ARM.Collect$$$$00000004) refers to init.o(.text) for __scatterload
    entry9a.o(.ARM.Collect$$$$0000000B) refers to app.o(.text) for main
    entry9b.o(.ARM.Collect$$$$0000000C) refers to app.o(.text) for main
    init.o(.text) refers to entry5.o(.ARM.Collect$$$$00000004) for __main_after_scatterload


==============================================================================

Removing Unused input sections from the image.

    Removing startup_stm32f10x_hd.o(HEAP), (512 bytes).
    Removing core_cm3.o(.emb_text), (32 bytes).
    Removing stm32f10x_adc.o(.text), (1102 bytes).
    Removing stm32f10x_bkp.o(.text), (196 bytes).
    Removing stm32f10x_can.o(.text), (2544 bytes).
    Removing stm32f10x_cec.o(.text), (288 bytes).
    Removing stm32f10x_crc.o(.text), (72 bytes).
    Removing stm32f10x_dac.o(.text), (396 bytes).
    Removing stm32f10x_dbgmcu.o(.text), (48 bytes).
    Removing stm32f10x_dma.o(.text), (596 bytes).
    Removing stm32f10x_exti.o(.text), (284 bytes).
    Removing stm32f10x_flash.o(.text), (1468 bytes).
    Removing stm32f10x_fsmc.o(.text), (1548 bytes).
    Removing stm32f10x_i2c.o(.text), (1028 bytes).
    Removing stm32f10x_iwdg.o(.text), (64 bytes).
    Removing stm32f10x_pwr.o(.text), (204 bytes).
    Removing stm32f10x_rtc.o(.text), (328 bytes).
    Removing stm32f10x_sdio.o(.text), (468 bytes).
    Removing stm32f10x_spi.o(.text), (780 bytes).
    Removing stm32f10x_tim.o(.text), (3610 bytes).
    Removing stm32f10x_usart.o(.text), (1032 bytes).
    Removing stm32f10x_wwdg.o(.text), (136 bytes).
    Removing os_app_hooks.o(.text), (216 bytes).
    Removing bsp.o(.data), (4 bytes).
    Removing cpu_c.o(.text), (2132 bytes).
    Removing lib_math.o(.text), (144 bytes).
    Removing lib_math.o(.data), (4 bytes).
    Removing os_pend_multi.o(.text), (832 bytes).

28 unused section(s) (total 20068 bytes) removed from the image.

==============================================================================

Image Symbol Table

    Local Symbols

    Symbol Name                              Value     Ov Type        Size  Object(Section)

    ../clib/microlib/init/entry.s            0x00000000   Number         0  entry7a.o ABSOLUTE
    ../clib/microlib/init/entry.s            0x00000000   Number         0  entry5.o ABSOLUTE
    ../clib/microlib/init/entry.s            0x00000000   Number         0  entry10a.o ABSOLUTE
    ../clib/microlib/init/entry.s            0x00000000   Number         0  entry10b.o ABSOLUTE
    ../clib/microlib/init/entry.s            0x00000000   Number         0  entry2.o ABSOLUTE
    ../clib/microlib/init/entry.s            0x00000000   Number         0  entry11a.o ABSOLUTE
    ../clib/microlib/init/entry.s            0x00000000   Number         0  entry.o ABSOLUTE
    ../clib/microlib/init/entry.s            0x00000000   Number         0  entry11b.o ABSOLUTE
    ../clib/microlib/init/entry.s            0x00000000   Number         0  entry7b.o ABSOLUTE
    ../clib/microlib/init/entry.s            0x00000000   Number         0  entry8a.o ABSOLUTE
    ../clib/microlib/init/entry.s            0x00000000   Number         0  entry9b.o ABSOLUTE
    ../clib/microlib/init/entry.s            0x00000000   Number         0  entry9a.o ABSOLUTE
    ../clib/microlib/init/entry.s            0x00000000   Number         0  entry8b.o ABSOLUTE
    ..\..\Libraries\CMSIS\core_cm3.c         0x00000000   Number         0  core_cm3.o ABSOLUTE
    ..\..\Libraries\CMSIS\startup\startup_stm32f10x_hd.s 0x00000000   Number         0  startup_stm32f10x_hd.o ABSOLUTE
    ..\..\Libraries\CMSIS\system_stm32f10x.c 0x00000000   Number         0  system_stm32f10x.o ABSOLUTE
    ..\..\Libraries\FWlib\src\misc.c         0x00000000   Number         0  misc.o ABSOLUTE
    ..\..\Libraries\FWlib\src\stm32f10x_adc.c 0x00000000   Number         0  stm32f10x_adc.o ABSOLUTE
    ..\..\Libraries\FWlib\src\stm32f10x_bkp.c 0x00000000   Number         0  stm32f10x_bkp.o ABSOLUTE
    ..\..\Libraries\FWlib\src\stm32f10x_can.c 0x00000000   Number         0  stm32f10x_can.o ABSOLUTE
    ..\..\Libraries\FWlib\src\stm32f10x_cec.c 0x00000000   Number         0  stm32f10x_cec.o ABSOLUTE
    ..\..\Libraries\FWlib\src\stm32f10x_crc.c 0x00000000   Number         0  stm32f10x_crc.o ABSOLUTE
    ..\..\Libraries\FWlib\src\stm32f10x_dac.c 0x00000000   Number         0  stm32f10x_dac.o ABSOLUTE
    ..\..\Libraries\FWlib\src\stm32f10x_dbgmcu.c 0x00000000   Number         0  stm32f10x_dbgmcu.o ABSOLUTE
    ..\..\Libraries\FWlib\src\stm32f10x_dma.c 0x00000000   Number         0  stm32f10x_dma.o ABSOLUTE
    ..\..\Libraries\FWlib\src\stm32f10x_exti.c 0x00000000   Number         0  stm32f10x_exti.o ABSOLUTE
    ..\..\Libraries\FWlib\src\stm32f10x_flash.c 0x00000000   Number         0  stm32f10x_flash.o ABSOLUTE
    ..\..\Libraries\FWlib\src\stm32f10x_fsmc.c 0x00000000   Number         0  stm32f10x_fsmc.o ABSOLUTE
    ..\..\Libraries\FWlib\src\stm32f10x_gpio.c 0x00000000   Number         0  stm32f10x_gpio.o ABSOLUTE
    ..\..\Libraries\FWlib\src\stm32f10x_i2c.c 0x00000000   Number         0  stm32f10x_i2c.o ABSOLUTE
    ..\..\Libraries\FWlib\src\stm32f10x_iwdg.c 0x00000000   Number         0  stm32f10x_iwdg.o ABSOLUTE
    ..\..\Libraries\FWlib\src\stm32f10x_pwr.c 0x00000000   Number         0  stm32f10x_pwr.o ABSOLUTE
    ..\..\Libraries\FWlib\src\stm32f10x_rcc.c 0x00000000   Number         0  stm32f10x_rcc.o ABSOLUTE
    ..\..\Libraries\FWlib\src\stm32f10x_rtc.c 0x00000000   Number         0  stm32f10x_rtc.o ABSOLUTE
    ..\..\Libraries\FWlib\src\stm32f10x_sdio.c 0x00000000   Number         0  stm32f10x_sdio.o ABSOLUTE
    ..\..\Libraries\FWlib\src\stm32f10x_spi.c 0x00000000   Number         0  stm32f10x_spi.o ABSOLUTE
    ..\..\Libraries\FWlib\src\stm32f10x_tim.c 0x00000000   Number         0  stm32f10x_tim.o ABSOLUTE
    ..\..\Libraries\FWlib\src\stm32f10x_usart.c 0x00000000   Number         0  stm32f10x_usart.o ABSOLUTE
    ..\..\Libraries\FWlib\src\stm32f10x_wwdg.c 0x00000000   Number         0  stm32f10x_wwdg.o ABSOLUTE
    ..\..\User\APP\app.c                     0x00000000   Number         0  app.o ABSOLUTE
    ..\..\User\APP\os_app_hooks.c            0x00000000   Number         0  os_app_hooks.o ABSOLUTE
    ..\..\User\BSP\Led\bsp_led.c             0x00000000   Number         0  bsp_led.o ABSOLUTE
    ..\..\User\BSP\bsp.c                     0x00000000   Number         0  bsp.o ABSOLUTE
    ..\..\User\stm32f10x_it.c                0x00000000   Number         0  stm32f10x_it.o ABSOLUTE
    ..\..\User\uC-CPU\ARM-Cortex-M3\RealView\cpu_a.asm 0x00000000   Number         0  cpu_a.o ABSOLUTE
    ..\..\User\uC-CPU\ARM-Cortex-M3\RealView\cpu_c.c 0x00000000   Number         0  cpu_c.o ABSOLUTE
    ..\..\User\uC-CPU\cpu_core.c             0x00000000   Number         0  cpu_core.o ABSOLUTE
    ..\..\User\uC-LIB\Ports\ARM-Cortex-M3\RealView\lib_mem_a.asm 0x00000000   Number         0  lib_mem_a.o ABSOLUTE
    ..\..\User\uC-LIB\lib_ascii.c            0x00000000   Number         0  lib_ascii.o ABSOLUTE
    ..\..\User\uC-LIB\lib_math.c             0x00000000   Number         0  lib_math.o ABSOLUTE
    ..\..\User\uC-LIB\lib_mem.c              0x00000000   Number         0  lib_mem.o ABSOLUTE
    ..\..\User\uC-LIB\lib_str.c              0x00000000   Number         0  lib_str.o ABSOLUTE
    ..\..\User\uCOS-III\Ports\ARM-Cortex-M3\Generic\RealView\os_cpu_a.s 0x00000000   Number         0  os_cpu_a.o ABSOLUTE
    ..\..\User\uCOS-III\Ports\ARM-Cortex-M3\Generic\RealView\os_cpu_c.c 0x00000000   Number         0  os_cpu_c.o ABSOLUTE
    ..\..\User\uCOS-III\Source\os_cfg_app.c  0x00000000   Number         0  os_cfg_app.o ABSOLUTE
    ..\..\User\uCOS-III\Source\os_core.c     0x00000000   Number         0  os_core.o ABSOLUTE
    ..\..\User\uCOS-III\Source\os_dbg.c      0x00000000   Number         0  os_dbg.o ABSOLUTE
    ..\..\User\uCOS-III\Source\os_flag.c     0x00000000   Number         0  os_flag.o ABSOLUTE
    ..\..\User\uCOS-III\Source\os_int.c      0x00000000   Number         0  os_int.o ABSOLUTE
    ..\..\User\uCOS-III\Source\os_mem.c      0x00000000   Number         0  os_mem.o ABSOLUTE
    ..\..\User\uCOS-III\Source\os_msg.c      0x00000000   Number         0  os_msg.o ABSOLUTE
    ..\..\User\uCOS-III\Source\os_mutex.c    0x00000000   Number         0  os_mutex.o ABSOLUTE
    ..\..\User\uCOS-III\Source\os_pend_multi.c 0x00000000   Number         0  os_pend_multi.o ABSOLUTE
    ..\..\User\uCOS-III\Source\os_prio.c     0x00000000   Number         0  os_prio.o ABSOLUTE
    ..\..\User\uCOS-III\Source\os_q.c        0x00000000   Number         0  os_q.o ABSOLUTE
    ..\..\User\uCOS-III\Source\os_sem.c      0x00000000   Number         0  os_sem.o ABSOLUTE
    ..\..\User\uCOS-III\Source\os_stat.c     0x00000000   Number         0  os_stat.o ABSOLUTE
    ..\..\User\uCOS-III\Source\os_task.c     0x00000000   Number         0  os_task.o ABSOLUTE
    ..\..\User\uCOS-III\Source\os_tick.c     0x00000000   Number         0  os_tick.o ABSOLUTE
    ..\..\User\uCOS-III\Source\os_time.c     0x00000000   Number         0  os_time.o ABSOLUTE
    ..\..\User\uCOS-III\Source\os_tmr.c      0x00000000   Number         0  os_tmr.o ABSOLUTE
    ..\..\User\uCOS-III\Source\os_var.c      0x00000000   Number         0  os_var.o ABSOLUTE
    ..\\..\\Libraries\\CMSIS\\core_cm3.c     0x00000000   Number         0  core_cm3.o ABSOLUTE
    dc.s                                     0x00000000   Number         0  dc.o ABSOLUTE
    handlers.s                               0x00000000   Number         0  handlers.o ABSOLUTE
    init.s                                   0x00000000   Number         0  init.o ABSOLUTE
    RESET                                    0x08000000   Section      304  startup_stm32f10x_hd.o(RESET)
    .ARM.Collect$$$$00000000                 0x08000130   Section        0  entry.o(.ARM.Collect$$$$00000000)
    .ARM.Collect$$$$00000001                 0x08000130   Section        4  entry2.o(.ARM.Collect$$$$00000001)
    .ARM.Collect$$$$00000004                 0x08000134   Section        4  entry5.o(.ARM.Collect$$$$00000004)
    .ARM.Collect$$$$00000008                 0x08000138   Section        0  entry7b.o(.ARM.Collect$$$$00000008)
    .ARM.Collect$$$$0000000A                 0x08000138   Section        0  entry8b.o(.ARM.Collect$$$$0000000A)
    .ARM.Collect$$$$0000000B                 0x08000138   Section        8  entry9a.o(.ARM.Collect$$$$0000000B)
    .ARM.Collect$$$$0000000D                 0x08000140   Section        0  entry10a.o(.ARM.Collect$$$$0000000D)
    .ARM.Collect$$$$0000000F                 0x08000140   Section        0  entry11a.o(.ARM.Collect$$$$0000000F)
    .ARM.Collect$$$$00002712                 0x08000140   Section        4  entry2.o(.ARM.Collect$$$$00002712)
    __lit__00000000                          0x08000140   Data           4  entry2.o(.ARM.Collect$$$$00002712)
    .text                                    0x08000144   Section       36  startup_stm32f10x_hd.o(.text)
    .text                                    0x08000168   Section        0  system_stm32f10x.o(.text)
    SetSysClockTo72                          0x08000169   Thumb Code   214  system_stm32f10x.o(.text)
    SetSysClock                              0x0800023f   Thumb Code     8  system_stm32f10x.o(.text)
    .text                                    0x08000348   Section        0  misc.o(.text)
    .text                                    0x08000424   Section        0  stm32f10x_gpio.o(.text)
    .text                                    0x08000780   Section        0  stm32f10x_rcc.o(.text)
    .text                                    0x08000b24   Section        0  stm32f10x_it.o(.text)
    .text                                    0x08000b3c   Section        0  app.o(.text)
    AppTaskStart                             0x08000b3d   Thumb Code    88  app.o(.text)
    .text                                    0x08000c00   Section        0  bsp_led.o(.text)
    .text                                    0x08000c48   Section        0  bsp.o(.text)
    .text                                    0x08000ca4   Section       52  cpu_a.o(.text)
    .text                                    0x08000cd8   Section        0  cpu_core.o(.text)
    CPU_NameInit                             0x08000d6f   Thumb Code     8  cpu_core.o(.text)
    CPU_IntDisMeasInit                       0x08000d77   Thumb Code   104  cpu_core.o(.text)
    CPU_TS_Init                              0x08000ddf   Thumb Code    14  cpu_core.o(.text)
    CPU_IntDisMeasMaxCalc                    0x08000ee9   Thumb Code    24  cpu_core.o(.text)
    .text                                    0x08001114   Section        0  lib_ascii.o(.text)
    .text                                    0x0800136c   Section        0  lib_mem.o(.text)
    Mem_SegAlloc                             0x080015a3   Thumb Code    80  lib_mem.o(.text)
    Mem_SegCalcTotSize                       0x080015f3   Thumb Code   164  lib_mem.o(.text)
    Mem_PoolBlkIsValidAddr                   0x08001fcb   Thumb Code   102  lib_mem.o(.text)
    .text                                    0x080022f8   Section        0  lib_str.o(.text)
    Str_FmtNbr_Int32                         0x080027b1   Thumb Code   474  lib_str.o(.text)
    Str_ParseNbr_Int32                       0x080029f7   Thumb Code   446  lib_str.o(.text)
    .text                                    0x08002c20   Section      544  lib_mem_a.o(.text)
    .text                                    0x08002e40   Section        0  os_cfg_app.o(.text)
    .text                                    0x08002e44   Section        0  os_core.o(.text)
    .text                                    0x08003c94   Section        0  os_dbg.o(.text)
    .text                                    0x08003e48   Section        0  os_flag.o(.text)
    .text                                    0x08004e54   Section        0  os_int.o(.text)
    .text                                    0x080052b4   Section        0  os_mem.o(.text)
    .text                                    0x0800552c   Section        0  os_msg.o(.text)
    .text                                    0x08005754   Section        0  os_mutex.o(.text)
    .text                                    0x08006394   Section        0  os_prio.o(.text)
    .text                                    0x08006410   Section        0  os_q.o(.text)
    .text                                    0x08006e10   Section        0  os_sem.o(.text)
    .text                                    0x08007744   Section        0  os_stat.o(.text)
    .text                                    0x08007e20   Section        0  os_task.o(.text)
    .text                                    0x08009da8   Section        0  os_tick.o(.text)
    .text                                    0x0800a2cc   Section        0  os_time.o(.text)
    .text                                    0x0800a918   Section        0  os_tmr.o(.text)
    .text                                    0x0800b17c   Section        0  os_cpu_c.o(.text)
    .text                                    0x0800b408   Section       36  init.o(.text)
    CODE                                     0x0800b42c   Section      132  os_cpu_a.o(CODE)
    i.__scatterload_copy                     0x0800b4b0   Section       14  handlers.o(i.__scatterload_copy)
    i.__scatterload_null                     0x0800b4be   Section        2  handlers.o(i.__scatterload_null)
    i.__scatterload_zeroinit                 0x0800b4c0   Section       14  handlers.o(i.__scatterload_zeroinit)
    .constdata                               0x0800b4ce   Section      256  cpu_core.o(.constdata)
    CPU_CntLeadZerosTbl                      0x0800b4ce   Data         256  cpu_core.o(.constdata)
    .constdata                               0x0800b5d0   Section      148  lib_str.o(.constdata)
    Str_MultOvfThTbl_Int32U                  0x0800b5d0   Data         148  lib_str.o(.constdata)
    .constdata                               0x0800b664   Section      164  os_cfg_app.o(.constdata)
    .constdata                               0x0800b708   Section      364  os_dbg.o(.constdata)
    .data                                    0x20000000   Section       20  system_stm32f10x.o(.data)
    .data                                    0x20000014   Section       20  stm32f10x_rcc.o(.data)
    APBAHBPrescTable                         0x20000014   Data          16  stm32f10x_rcc.o(.data)
    ADCPrescTable                            0x20000024   Data           4  stm32f10x_rcc.o(.data)
    .data                                    0x20000028   Section       28  cpu_core.o(.data)
    .data                                    0x20000044   Section        4  lib_mem.o(.data)
    .data                                    0x20000048   Section        4  os_prio.o(.data)
    .data                                    0x2000004c   Section      208  os_var.o(.data)
    .data                                    0x2000011c   Section        4  os_cpu_c.o(.data)
    .bss                                     0x20000120   Section      712  app.o(.bss)
    AppTaskStartTCB                          0x20000120   Data         200  app.o(.bss)
    AppTaskStartStk                          0x200001e8   Data         512  app.o(.bss)
    .bss                                     0x200003e8   Section       16  cpu_core.o(.bss)
    .bss                                     0x200003f8   Section    27720  lib_mem.o(.bss)
    .bss                                     0x20007040   Section     5264  os_cfg_app.o(.bss)
    .bss                                     0x200084d0   Section     1396  os_var.o(.bss)
    STACK                                    0x20008a48   Section     1024  startup_stm32f10x_hd.o(STACK)

    Global Symbols

    Symbol Name                              Value     Ov Type        Size  Object(Section)

    BuildAttributes$$THM_ISAv4$P$D$K$B$S$PE$A:L22UL41UL21$X:L11$S22US41US21$IEEE1$IW$USESV6$~STKCKD$USESV7$~SHL$OSPACE$EBA8$MICROLIB$REQ8$PRES8$EABIv2 0x00000000   Number         0  anon$$obj.o ABSOLUTE
    __ARM_use_no_argv                        0x00000000   Number         0  app.o ABSOLUTE
    __cpp_initialize__aeabi_                  - Undefined Weak Reference
    __cxa_finalize                            - Undefined Weak Reference
    __decompress                              - Undefined Weak Reference
    _clock_init                               - Undefined Weak Reference
    _microlib_exit                            - Undefined Weak Reference
    __Vectors_Size                           0x00000130   Number         0  startup_stm32f10x_hd.o ABSOLUTE
    __Vectors                                0x08000000   Data           4  startup_stm32f10x_hd.o(RESET)
    __Vectors_End                            0x08000130   Data           0  startup_stm32f10x_hd.o(RESET)
    __main                                   0x08000131   Thumb Code     0  entry.o(.ARM.Collect$$$$00000000)
    _main_stk                                0x08000131   Thumb Code     0  entry2.o(.ARM.Collect$$$$00000001)
    _main_scatterload                        0x08000135   Thumb Code     0  entry5.o(.ARM.Collect$$$$00000004)
    __main_after_scatterload                 0x08000139   Thumb Code     0  entry5.o(.ARM.Collect$$$$00000004)
    _main_clock                              0x08000139   Thumb Code     0  entry7b.o(.ARM.Collect$$$$00000008)
    _main_cpp_init                           0x08000139   Thumb Code     0  entry8b.o(.ARM.Collect$$$$0000000A)
    _main_init                               0x08000139   Thumb Code     0  entry9a.o(.ARM.Collect$$$$0000000B)
    __rt_final_cpp                           0x08000141   Thumb Code     0  entry10a.o(.ARM.Collect$$$$0000000D)
    __rt_final_exit                          0x08000141   Thumb Code     0  entry11a.o(.ARM.Collect$$$$0000000F)
    Reset_Handler                            0x08000145   Thumb Code     8  startup_stm32f10x_hd.o(.text)
    ADC1_2_IRQHandler                        0x0800015f   Thumb Code     0  startup_stm32f10x_hd.o(.text)
    ADC3_IRQHandler                          0x0800015f   Thumb Code     0  startup_stm32f10x_hd.o(.text)
    CAN1_RX1_IRQHandler                      0x0800015f   Thumb Code     0  startup_stm32f10x_hd.o(.text)
    CAN1_SCE_IRQHandler                      0x0800015f   Thumb Code     0  startup_stm32f10x_hd.o(.text)
    DMA1_Channel1_IRQHandler                 0x0800015f   Thumb Code     0  startup_stm32f10x_hd.o(.text)
    DMA1_Channel2_IRQHandler                 0x0800015f   Thumb Code     0  startup_stm32f10x_hd.o(.text)
    DMA1_Channel3_IRQHandler                 0x0800015f   Thumb Code     0  startup_stm32f10x_hd.o(.text)
    DMA1_Channel4_IRQHandler                 0x0800015f   Thumb Code     0  startup_stm32f10x_hd.o(.text)
    DMA1_Channel5_IRQHandler                 0x0800015f   Thumb Code     0  startup_stm32f10x_hd.o(.text)
    DMA1_Channel6_IRQHandler                 0x0800015f   Thumb Code     0  startup_stm32f10x_hd.o(.text)
    DMA1_Channel7_IRQHandler                 0x0800015f   Thumb Code     0  startup_stm32f10x_hd.o(.text)
    DMA2_Channel1_IRQHandler                 0x0800015f   Thumb Code     0  startup_stm32f10x_hd.o(.text)
    DMA2_Channel2_IRQHandler                 0x0800015f   Thumb Code     0  startup_stm32f10x_hd.o(.text)
    DMA2_Channel3_IRQHandler                 0x0800015f   Thumb Code     0  startup_stm32f10x_hd.o(.text)
    DMA2_Channel4_5_IRQHandler               0x0800015f   Thumb Code     0  startup_stm32f10x_hd.o(.text)
    EXTI0_IRQHandler                         0x0800015f   Thumb Code     0  startup_stm32f10x_hd.o(.text)
    EXTI15_10_IRQHandler                     0x0800015f   Thumb Code     0  startup_stm32f10x_hd.o(.text)
    EXTI1_IRQHandler                         0x0800015f   Thumb Code     0  startup_stm32f10x_hd.o(.text)
    EXTI2_IRQHandler                         0x0800015f   Thumb Code     0  startup_stm32f10x_hd.o(.text)
    EXTI3_IRQHandler                         0x0800015f   Thumb Code     0  startup_stm32f10x_hd.o(.text)
    EXTI4_IRQHandler                         0x0800015f   Thumb Code     0  startup_stm32f10x_hd.o(.text)
    EXTI9_5_IRQHandler                       0x0800015f   Thumb Code     0  startup_stm32f10x_hd.o(.text)
    FLASH_IRQHandler                         0x0800015f   Thumb Code     0  startup_stm32f10x_hd.o(.text)
    FSMC_IRQHandler                          0x0800015f   Thumb Code     0  startup_stm32f10x_hd.o(.text)
    I2C1_ER_IRQHandler                       0x0800015f   Thumb Code     0  startup_stm32f10x_hd.o(.text)
    I2C1_EV_IRQHandler                       0x0800015f   Thumb Code     0  startup_stm32f10x_hd.o(.text)
    I2C2_ER_IRQHandler                       0x0800015f   Thumb Code     0  startup_stm32f10x_hd.o(.text)
    I2C2_EV_IRQHandler                       0x0800015f   Thumb Code     0  startup_stm32f10x_hd.o(.text)
    PVD_IRQHandler                           0x0800015f   Thumb Code     0  startup_stm32f10x_hd.o(.text)
    RCC_IRQHandler                           0x0800015f   Thumb Code     0  startup_stm32f10x_hd.o(.text)
    RTCAlarm_IRQHandler                      0x0800015f   Thumb Code     0  startup_stm32f10x_hd.o(.text)
    RTC_IRQHandler                           0x0800015f   Thumb Code     0  startup_stm32f10x_hd.o(.text)
    SDIO_IRQHandler                          0x0800015f   Thumb Code     0  startup_stm32f10x_hd.o(.text)
    SPI1_IRQHandler                          0x0800015f   Thumb Code     0  startup_stm32f10x_hd.o(.text)
    SPI2_IRQHandler                          0x0800015f   Thumb Code     0  startup_stm32f10x_hd.o(.text)
    SPI3_IRQHandler                          0x0800015f   Thumb Code     0  startup_stm32f10x_hd.o(.text)
    TAMPER_IRQHandler                        0x0800015f   Thumb Code     0  startup_stm32f10x_hd.o(.text)
    TIM1_BRK_IRQHandler                      0x0800015f   Thumb Code     0  startup_stm32f10x_hd.o(.text)
    TIM1_CC_IRQHandler                       0x0800015f   Thumb Code     0  startup_stm32f10x_hd.o(.text)
    TIM1_TRG_COM_IRQHandler                  0x0800015f   Thumb Code     0  startup_stm32f10x_hd.o(.text)
    TIM1_UP_IRQHandler                       0x0800015f   Thumb Code     0  startup_stm32f10x_hd.o(.text)
    TIM2_IRQHandler                          0x0800015f   Thumb Code     0  startup_stm32f10x_hd.o(.text)
    TIM3_IRQHandler                          0x0800015f   Thumb Code     0  startup_stm32f10x_hd.o(.text)
    TIM4_IRQHandler                          0x0800015f   Thumb Code     0  startup_stm32f10x_hd.o(.text)
    TIM5_IRQHandler                          0x0800015f   Thumb Code     0  startup_stm32f10x_hd.o(.text)
    TIM6_IRQHandler                          0x0800015f   Thumb Code     0  startup_stm32f10x_hd.o(.text)
    TIM7_IRQHandler                          0x0800015f   Thumb Code     0  startup_stm32f10x_hd.o(.text)
    TIM8_BRK_IRQHandler                      0x0800015f   Thumb Code     0  startup_stm32f10x_hd.o(.text)
    TIM8_CC_IRQHandler                       0x0800015f   Thumb Code     0  startup_stm32f10x_hd.o(.text)
    TIM8_TRG_COM_IRQHandler                  0x0800015f   Thumb Code     0  startup_stm32f10x_hd.o(.text)
    TIM8_UP_IRQHandler                       0x0800015f   Thumb Code     0  startup_stm32f10x_hd.o(.text)
    UART4_IRQHandler                         0x0800015f   Thumb Code     0  startup_stm32f10x_hd.o(.text)
    UART5_IRQHandler                         0x0800015f   Thumb Code     0  startup_stm32f10x_hd.o(.text)
    USART1_IRQHandler                        0x0800015f   Thumb Code     0  startup_stm32f10x_hd.o(.text)
    USART2_IRQHandler                        0x0800015f   Thumb Code     0  startup_stm32f10x_hd.o(.text)
    USART3_IRQHandler                        0x0800015f   Thumb Code     0  startup_stm32f10x_hd.o(.text)
    USBWakeUp_IRQHandler                     0x0800015f   Thumb Code     0  startup_stm32f10x_hd.o(.text)
    USB_HP_CAN1_TX_IRQHandler                0x0800015f   Thumb Code     0  startup_stm32f10x_hd.o(.text)
    USB_LP_CAN1_RX0_IRQHandler               0x0800015f   Thumb Code     0  startup_stm32f10x_hd.o(.text)
    WWDG_IRQHandler                          0x0800015f   Thumb Code     0  startup_stm32f10x_hd.o(.text)
    SystemInit                               0x08000247   Thumb Code    78  system_stm32f10x.o(.text)
    SystemCoreClockUpdate                    0x08000295   Thumb Code   142  system_stm32f10x.o(.text)
    NVIC_PriorityGroupConfig                 0x08000349   Thumb Code    10  misc.o(.text)
    NVIC_Init                                0x08000353   Thumb Code   100  misc.o(.text)
    NVIC_SetVectorTable                      0x080003b7   Thumb Code    14  misc.o(.text)
    NVIC_SystemLPConfig                      0x080003c5   Thumb Code    34  misc.o(.text)
    SysTick_CLKSourceConfig                  0x080003e7   Thumb Code    40  misc.o(.text)
    GPIO_DeInit                              0x08000425   Thumb Code   172  stm32f10x_gpio.o(.text)
    GPIO_AFIODeInit                          0x080004d1   Thumb Code    20  stm32f10x_gpio.o(.text)
    GPIO_Init                                0x080004e5   Thumb Code   278  stm32f10x_gpio.o(.text)
    GPIO_StructInit                          0x080005fb   Thumb Code    16  stm32f10x_gpio.o(.text)
    GPIO_ReadInputDataBit                    0x0800060b   Thumb Code    18  stm32f10x_gpio.o(.text)
    GPIO_ReadInputData                       0x0800061d   Thumb Code     8  stm32f10x_gpio.o(.text)
    GPIO_ReadOutputDataBit                   0x08000625   Thumb Code    18  stm32f10x_gpio.o(.text)
    GPIO_ReadOutputData                      0x08000637   Thumb Code     8  stm32f10x_gpio.o(.text)
    GPIO_SetBits                             0x0800063f   Thumb Code     4  stm32f10x_gpio.o(.text)
    GPIO_ResetBits                           0x08000643   Thumb Code     4  stm32f10x_gpio.o(.text)
    GPIO_WriteBit                            0x08000647   Thumb Code    10  stm32f10x_gpio.o(.text)
    GPIO_Write                               0x08000651   Thumb Code     4  stm32f10x_gpio.o(.text)
    GPIO_PinLockConfig                       0x08000655   Thumb Code    18  stm32f10x_gpio.o(.text)
    GPIO_EventOutputConfig                   0x08000667   Thumb Code    26  stm32f10x_gpio.o(.text)
    GPIO_EventOutputCmd                      0x08000681   Thumb Code     6  stm32f10x_gpio.o(.text)
    GPIO_PinRemapConfig                      0x08000687   Thumb Code   138  stm32f10x_gpio.o(.text)
    GPIO_EXTILineConfig                      0x08000711   Thumb Code    66  stm32f10x_gpio.o(.text)
    GPIO_ETH_MediaInterfaceConfig            0x08000753   Thumb Code     8  stm32f10x_gpio.o(.text)
    RCC_DeInit                               0x08000781   Thumb Code    64  stm32f10x_rcc.o(.text)
    RCC_HSEConfig                            0x080007c1   Thumb Code    70  stm32f10x_rcc.o(.text)
    RCC_GetFlagStatus                        0x08000807   Thumb Code    56  stm32f10x_rcc.o(.text)
    RCC_WaitForHSEStartUp                    0x0800083f   Thumb Code    56  stm32f10x_rcc.o(.text)
    RCC_AdjustHSICalibrationValue            0x08000877   Thumb Code    20  stm32f10x_rcc.o(.text)
    RCC_HSICmd                               0x0800088b   Thumb Code     6  stm32f10x_rcc.o(.text)
    RCC_PLLConfig                            0x08000891   Thumb Code    24  stm32f10x_rcc.o(.text)
    RCC_PLLCmd                               0x080008a9   Thumb Code     6  stm32f10x_rcc.o(.text)
    RCC_SYSCLKConfig                         0x080008af   Thumb Code    18  stm32f10x_rcc.o(.text)
    RCC_GetSYSCLKSource                      0x080008c1   Thumb Code    10  stm32f10x_rcc.o(.text)
    RCC_HCLKConfig                           0x080008cb   Thumb Code    18  stm32f10x_rcc.o(.text)
    RCC_PCLK1Config                          0x080008dd   Thumb Code    18  stm32f10x_rcc.o(.text)
    RCC_PCLK2Config                          0x080008ef   Thumb Code    20  stm32f10x_rcc.o(.text)
    RCC_ITConfig                             0x08000903   Thumb Code    26  stm32f10x_rcc.o(.text)
    RCC_USBCLKConfig                         0x0800091d   Thumb Code     8  stm32f10x_rcc.o(.text)
    RCC_ADCCLKConfig                         0x08000925   Thumb Code    18  stm32f10x_rcc.o(.text)
    RCC_LSEConfig                            0x08000937   Thumb Code    50  stm32f10x_rcc.o(.text)
    RCC_LSICmd                               0x08000969   Thumb Code     6  stm32f10x_rcc.o(.text)
    RCC_RTCCLKConfig                         0x0800096f   Thumb Code    12  stm32f10x_rcc.o(.text)
    RCC_RTCCLKCmd                            0x0800097b   Thumb Code     8  stm32f10x_rcc.o(.text)
    RCC_GetClocksFreq                        0x08000983   Thumb Code   192  stm32f10x_rcc.o(.text)
    RCC_AHBPeriphClockCmd                    0x08000a43   Thumb Code    26  stm32f10x_rcc.o(.text)
    RCC_APB2PeriphClockCmd                   0x08000a5d   Thumb Code    26  stm32f10x_rcc.o(.text)
    RCC_APB1PeriphClockCmd                   0x08000a77   Thumb Code    26  stm32f10x_rcc.o(.text)
    RCC_APB2PeriphResetCmd                   0x08000a91   Thumb Code    26  stm32f10x_rcc.o(.text)
    RCC_APB1PeriphResetCmd                   0x08000aab   Thumb Code    26  stm32f10x_rcc.o(.text)
    RCC_BackupResetCmd                       0x08000ac5   Thumb Code     8  stm32f10x_rcc.o(.text)
    RCC_ClockSecuritySystemCmd               0x08000acd   Thumb Code     6  stm32f10x_rcc.o(.text)
    RCC_MCOConfig                            0x08000ad3   Thumb Code     6  stm32f10x_rcc.o(.text)
    RCC_ClearFlag                            0x08000ad9   Thumb Code    14  stm32f10x_rcc.o(.text)
    RCC_GetITStatus                          0x08000ae7   Thumb Code    20  stm32f10x_rcc.o(.text)
    RCC_ClearITPendingBit                    0x08000afb   Thumb Code     6  stm32f10x_rcc.o(.text)
    NMI_Handler                              0x08000b25   Thumb Code     2  stm32f10x_it.o(.text)
    HardFault_Handler                        0x08000b27   Thumb Code     4  stm32f10x_it.o(.text)
    MemManage_Handler                        0x08000b2b   Thumb Code     4  stm32f10x_it.o(.text)
    BusFault_Handler                         0x08000b2f   Thumb Code     4  stm32f10x_it.o(.text)
    UsageFault_Handler                       0x08000b33   Thumb Code     4  stm32f10x_it.o(.text)
    SVC_Handler                              0x08000b37   Thumb Code     2  stm32f10x_it.o(.text)
    DebugMon_Handler                         0x08000b39   Thumb Code     2  stm32f10x_it.o(.text)
    main                                     0x08000b95   Thumb Code    72  app.o(.text)
    LED_Init                                 0x08000c01   Thumb Code    62  bsp_led.o(.text)
    BSP_Init                                 0x08000c49   Thumb Code    16  bsp.o(.text)
    BSP_CPU_ClkFreq                          0x08000c59   Thumb Code    16  bsp.o(.text)
    CPU_TS_TmrInit                           0x08000c69   Thumb Code    44  bsp.o(.text)
    CPU_TS_TmrRd                             0x08000c95   Thumb Code     6  bsp.o(.text)
    CPU_IntDis                               0x08000ca5   Thumb Code     0  cpu_a.o(.text)
    CPU_IntEn                                0x08000ca9   Thumb Code     0  cpu_a.o(.text)
    CPU_SR_Save                              0x08000cad   Thumb Code     0  cpu_a.o(.text)
    CPU_SR_Restore                           0x08000cb5   Thumb Code     0  cpu_a.o(.text)
    CPU_WaitForInt                           0x08000cbb   Thumb Code     0  cpu_a.o(.text)
    CPU_WaitForExcept                        0x08000cbf   Thumb Code     0  cpu_a.o(.text)
    CPU_CntLeadZeros                         0x08000cc3   Thumb Code     0  cpu_a.o(.text)
    CPU_CntTrailZeros                        0x08000cc9   Thumb Code     0  cpu_a.o(.text)
    CPU_RevBits                              0x08000cd3   Thumb Code     0  cpu_a.o(.text)
    CPU_IntDisMeasStop                       0x08000cd9   Thumb Code    62  cpu_core.o(.text)
    CPU_IntDisMeasStart                      0x08000d17   Thumb Code    38  cpu_core.o(.text)
    CPU_NameClr                              0x08000d3d   Thumb Code    50  cpu_core.o(.text)
    CPU_Init                                 0x08000ded   Thumb Code    16  cpu_core.o(.text)
    CPU_SW_Exception                         0x08000dfd   Thumb Code     4  cpu_core.o(.text)
    CPU_NameGet                              0x08000e01   Thumb Code    78  cpu_core.o(.text)
    CPU_NameSet                              0x08000e4f   Thumb Code   104  cpu_core.o(.text)
    CPU_TS_Get32                             0x08000eb7   Thumb Code    12  cpu_core.o(.text)
    CPU_TS_Update                            0x08000ec3   Thumb Code     2  cpu_core.o(.text)
    CPU_TS_TmrFreqGet                        0x08000ec5   Thumb Code    30  cpu_core.o(.text)
    CPU_TS_TmrFreqSet                        0x08000ee3   Thumb Code     6  cpu_core.o(.text)
    CPU_IntDisMeasMaxCurGet                  0x08000f01   Thumb Code    40  cpu_core.o(.text)
    CPU_IntDisMeasMaxCurReset                0x08000f29   Thumb Code    40  cpu_core.o(.text)
    CPU_IntDisMeasMaxGet                     0x08000f51   Thumb Code    40  cpu_core.o(.text)
    CPU_CntLeadZeros08                       0x08000f79   Thumb Code    18  cpu_core.o(.text)
    CPU_CntLeadZeros16                       0x08000f8b   Thumb Code    18  cpu_core.o(.text)
    CPU_CntLeadZeros32                       0x08000f9d   Thumb Code    18  cpu_core.o(.text)
    CPU_CntLeadZeros64                       0x08000faf   Thumb Code   188  cpu_core.o(.text)
    CPU_CntTrailZeros08                      0x0800106b   Thumb Code    22  cpu_core.o(.text)
    CPU_CntTrailZeros16                      0x08001081   Thumb Code    22  cpu_core.o(.text)
    CPU_CntTrailZeros32                      0x08001097   Thumb Code    22  cpu_core.o(.text)
    CPU_CntTrailZeros64                      0x080010ad   Thumb Code   104  cpu_core.o(.text)
    ASCII_IsAlpha                            0x08001115   Thumb Code    48  lib_ascii.o(.text)
    ASCII_IsAlphaNum                         0x08001145   Thumb Code    76  lib_ascii.o(.text)
    ASCII_IsLower                            0x08001191   Thumb Code    20  lib_ascii.o(.text)
    ASCII_IsUpper                            0x080011a5   Thumb Code    20  lib_ascii.o(.text)
    ASCII_IsDig                              0x080011b9   Thumb Code    20  lib_ascii.o(.text)
    ASCII_IsDigOct                           0x080011cd   Thumb Code    20  lib_ascii.o(.text)
    ASCII_IsDigHex                           0x080011e1   Thumb Code    36  lib_ascii.o(.text)
    ASCII_IsBlank                            0x08001205   Thumb Code    20  lib_ascii.o(.text)
    ASCII_IsSpace                            0x08001219   Thumb Code    36  lib_ascii.o(.text)
    ASCII_IsPrint                            0x0800123d   Thumb Code    20  lib_ascii.o(.text)
    ASCII_IsGraph                            0x08001251   Thumb Code    20  lib_ascii.o(.text)
    ASCII_IsPunct                            0x08001265   Thumb Code   134  lib_ascii.o(.text)
    ASCII_IsCtrl                             0x080012eb   Thumb Code    26  lib_ascii.o(.text)
    ASCII_ToLower                            0x08001305   Thumb Code    32  lib_ascii.o(.text)
    ASCII_ToUpper                            0x08001325   Thumb Code    32  lib_ascii.o(.text)
    ASCII_Cmp                                0x08001345   Thumb Code    38  lib_ascii.o(.text)
    Mem_Init                                 0x0800136d   Thumb Code    54  lib_mem.o(.text)
    Mem_Set                                  0x080013a3   Thumb Code    98  lib_mem.o(.text)
    Mem_Clr                                  0x08001405   Thumb Code    18  lib_mem.o(.text)
    Mem_Move                                 0x08001417   Thumb Code   204  lib_mem.o(.text)
    Mem_Cmp                                  0x080014e3   Thumb Code   192  lib_mem.o(.text)
    Mem_HeapAlloc                            0x08001697   Thumb Code   274  lib_mem.o(.text)
    Mem_SegGetSizeRem                        0x080017a9   Thumb Code   226  lib_mem.o(.text)
    Mem_HeapGetSizeRem                       0x0800188b   Thumb Code    22  lib_mem.o(.text)
    Mem_PoolClr                              0x080018a1   Thumb Code    78  lib_mem.o(.text)
    Mem_PoolCreate                           0x080018ef   Thumb Code  1132  lib_mem.o(.text)
    Mem_PoolBlkGetNbrAvail                   0x08001d5b   Thumb Code   140  lib_mem.o(.text)
    Mem_PoolBlkGet                           0x08001de7   Thumb Code   248  lib_mem.o(.text)
    Mem_PoolBlkGetUsedAtIx                   0x08001edf   Thumb Code   236  lib_mem.o(.text)
    Mem_PoolBlkFree                          0x08002031   Thumb Code   366  lib_mem.o(.text)
    Mem_PoolBlkIxGet                         0x0800219f   Thumb Code   342  lib_mem.o(.text)
    Str_Len_N                                0x080022f9   Thumb Code    28  lib_str.o(.text)
    Str_Len                                  0x08002315   Thumb Code    20  lib_str.o(.text)
    Str_Copy_N                               0x08002329   Thumb Code    70  lib_str.o(.text)
    Str_Copy                                 0x0800236f   Thumb Code    24  lib_str.o(.text)
    Str_Cat_N                                0x08002387   Thumb Code    90  lib_str.o(.text)
    Str_Cat                                  0x080023e1   Thumb Code    24  lib_str.o(.text)
    Str_Cmp_N                                0x080023f9   Thumb Code   156  lib_str.o(.text)
    Str_Cmp                                  0x08002495   Thumb Code    24  lib_str.o(.text)
    Str_CmpIgnoreCase_N                      0x080024ad   Thumb Code   264  lib_str.o(.text)
    Str_CmpIgnoreCase                        0x080025b5   Thumb Code    24  lib_str.o(.text)
    Str_Char_N                               0x080025cd   Thumb Code    74  lib_str.o(.text)
    Str_Char                                 0x08002617   Thumb Code    24  lib_str.o(.text)
    Str_Char_Last_N                          0x0800262f   Thumb Code    76  lib_str.o(.text)
    Str_Char_Last                            0x0800267b   Thumb Code    24  lib_str.o(.text)
    Str_Char_Replace_N                       0x08002693   Thumb Code    52  lib_str.o(.text)
    Str_Char_Replace                         0x080026c7   Thumb Code    28  lib_str.o(.text)
    Str_Str_N                                0x080026e3   Thumb Code   182  lib_str.o(.text)
    Str_Str                                  0x08002799   Thumb Code    24  lib_str.o(.text)
    Str_FmtNbr_Int32U                        0x0800298b   Thumb Code    46  lib_str.o(.text)
    Str_FmtNbr_Int32S                        0x080029b9   Thumb Code    62  lib_str.o(.text)
    Str_ParseNbr_Int32U                      0x08002bb5   Thumb Code    30  lib_str.o(.text)
    Str_ParseNbr_Int32S                      0x08002bd3   Thumb Code    74  lib_str.o(.text)
    Mem_Copy                                 0x08002c21   Thumb Code     0  lib_mem_a.o(.text)
    OSCfg_Init                               0x08002e41   Thumb Code     2  os_cfg_app.o(.text)
    OS_IdleTask                              0x08002e45   Thumb Code    68  os_core.o(.text)
    OS_IdleTaskInit                          0x08002e89   Thumb Code    68  os_core.o(.text)
    OS_RdyListInit                           0x08002ecd   Thumb Code    32  os_core.o(.text)
    OSInit                                   0x08002eed   Thumb Code   300  os_core.o(.text)
    OSIntEnter                               0x08003019   Thumb Code    34  os_core.o(.text)
    OSIntExit                                0x0800303b   Thumb Code   192  os_core.o(.text)
    OSSched                                  0x080030fb   Thumb Code   134  os_core.o(.text)
    OS_SchedLockTimeMeasStart                0x08003181   Thumb Code    20  os_core.o(.text)
    OSSchedLock                              0x08003195   Thumb Code   112  os_core.o(.text)
    OS_SchedLockTimeMeasStop                 0x08003205   Thumb Code    44  os_core.o(.text)
    OSSchedUnlock                            0x08003231   Thumb Code   302  os_core.o(.text)
    OSSchedRoundRobinCfg                     0x0800335f   Thumb Code    96  os_core.o(.text)
    OS_RdyListMoveHeadToTail                 0x080033bf   Thumb Code    68  os_core.o(.text)
    OSSchedRoundRobinYield                   0x08003403   Thumb Code   176  os_core.o(.text)
    OSStart                                  0x080034b3   Thumb Code    78  os_core.o(.text)
    OSVersion                                0x08003501   Thumb Code    12  os_core.o(.text)
    OS_PendDbgNameAdd                        0x0800350d   Thumb Code    66  os_core.o(.text)
    OS_PendListInsertPrio                    0x0800354f   Thumb Code   102  os_core.o(.text)
    OS_PendDataInit                          0x080035b5   Thumb Code    38  os_core.o(.text)
    OS_RdyListRemove                         0x080035db   Thumb Code    86  os_core.o(.text)
    OS_TaskBlock                             0x08003631   Thumb Code    56  os_core.o(.text)
    OS_Pend                                  0x08003669   Thumb Code   168  os_core.o(.text)
    OS_PendListRemove1                       0x08003711   Thumb Code    66  os_core.o(.text)
    OS_PendListRemove                        0x08003753   Thumb Code    48  os_core.o(.text)
    OS_PendAbort1                            0x08003783   Thumb Code    36  os_core.o(.text)
    OS_RdyListInsertHead                     0x080037a7   Thumb Code    58  os_core.o(.text)
    OS_RdyListInsertTail                     0x080037e1   Thumb Code    56  os_core.o(.text)
    OS_RdyListInsert                         0x08003819   Thumb Code    40  os_core.o(.text)
    OS_TaskRdy                               0x08003841   Thumb Code    28  os_core.o(.text)
    OS_PendAbort                             0x0800385d   Thumb Code   166  os_core.o(.text)
    OS_PendDbgNameRemove                     0x08003903   Thumb Code    34  os_core.o(.text)
    OS_PendListChangePrio                    0x08003925   Thumb Code    70  os_core.o(.text)
    OS_PendListInit                          0x0800396b   Thumb Code    10  os_core.o(.text)
    OS_PendListInsertHead                    0x08003975   Thumb Code    32  os_core.o(.text)
    OS_PendObjDel1                           0x08003995   Thumb Code    36  os_core.o(.text)
    OS_PendObjDel                            0x080039b9   Thumb Code   162  os_core.o(.text)
    OS_Post1                                 0x08003a5b   Thumb Code    42  os_core.o(.text)
    OS_Post                                  0x08003a85   Thumb Code   192  os_core.o(.text)
    OS_Sched0                                0x08003b45   Thumb Code   100  os_core.o(.text)
    OS_SchedRoundRobin                       0x08003ba9   Thumb Code   218  os_core.o(.text)
    OS_Dbg_Init                              0x08003c95   Thumb Code   150  os_dbg.o(.text)
    OS_FlagDbgListAdd                        0x08003e49   Thumb Code    38  os_flag.o(.text)
    OSFlagCreate                             0x08003e6f   Thumb Code   210  os_flag.o(.text)
    OS_FlagClr                               0x08003f41   Thumb Code    28  os_flag.o(.text)
    OS_FlagDbgListRemove                     0x08003f5d   Thumb Code    44  os_flag.o(.text)
    OSFlagDel                                0x08003f89   Thumb Code   732  os_flag.o(.text)
    OS_FlagBlock                             0x08004265   Thumb Code    58  os_flag.o(.text)
    OSFlagPend                               0x0800429f   Thumb Code  1670  os_flag.o(.text)
    OSFlagPendAbort                          0x08004925   Thumb Code   334  os_flag.o(.text)
    OSFlagPendGetFlagsRdy                    0x08004a73   Thumb Code    94  os_flag.o(.text)
    OS_FlagTaskRdy                           0x08004ad1   Thumb Code    86  os_flag.o(.text)
    OS_FlagPost                              0x08004b27   Thumb Code   626  os_flag.o(.text)
    OSFlagPost                               0x08004d99   Thumb Code   146  os_flag.o(.text)
    OS_FlagInit                              0x08004e2b   Thumb Code    14  os_flag.o(.text)
    OS_IntQPost                              0x08004e55   Thumb Code   224  os_int.o(.text)
    OS_IntQRePost                            0x08004f35   Thumb Code   360  os_int.o(.text)
    OS_IntQTask                              0x0800509d   Thumb Code   182  os_int.o(.text)
    OS_IntQTaskInit                          0x08005153   Thumb Code   208  os_int.o(.text)
    OS_MemDbgListAdd                         0x080052b5   Thumb Code    34  os_mem.o(.text)
    OSMemCreate                              0x080052d7   Thumb Code   326  os_mem.o(.text)
    OSMemGet                                 0x0800541d   Thumb Code   112  os_mem.o(.text)
    OSMemPut                                 0x0800548d   Thumb Code   124  os_mem.o(.text)
    OS_MemInit                               0x08005509   Thumb Code    14  os_mem.o(.text)
    OS_MsgPoolInit                           0x0800552d   Thumb Code   110  os_msg.o(.text)
    OS_MsgQFreeAll                           0x0800559b   Thumb Code    62  os_msg.o(.text)
    OS_MsgQInit                              0x080055d9   Thumb Code    14  os_msg.o(.text)
    OS_MsgQGet                               0x080055e7   Thumb Code    98  os_msg.o(.text)
    OS_MsgQPut                               0x08005649   Thumb Code   254  os_msg.o(.text)
    OS_MutexDbgListAdd                       0x08005755   Thumb Code    38  os_mutex.o(.text)
    OSMutexCreate                            0x0800577b   Thumb Code   216  os_mutex.o(.text)
    OS_MutexClr                              0x08005853   Thumb Code    38  os_mutex.o(.text)
    OS_MutexDbgListRemove                    0x08005879   Thumb Code    44  os_mutex.o(.text)
    OSMutexDel                               0x080058a5   Thumb Code   960  os_mutex.o(.text)
    OSMutexPend                              0x08005c65   Thumb Code   812  os_mutex.o(.text)
    OSMutexPendAbort                         0x08005f91   Thumb Code   334  os_mutex.o(.text)
    OSMutexPost                              0x080060df   Thumb Code   646  os_mutex.o(.text)
    OS_MutexInit                             0x08006365   Thumb Code    14  os_mutex.o(.text)
    OS_PrioInit                              0x08006395   Thumb Code    20  os_prio.o(.text)
    OS_PrioGetHighest                        0x080063a9   Thumb Code    36  os_prio.o(.text)
    OS_PrioInsert                            0x080063cd   Thumb Code    32  os_prio.o(.text)
    OS_PrioRemove                            0x080063ed   Thumb Code    32  os_prio.o(.text)
    OS_QDbgListAdd                           0x08006411   Thumb Code    38  os_q.o(.text)
    OSQCreate                                0x08006437   Thumb Code   224  os_q.o(.text)
    OS_QClr                                  0x08006517   Thumb Code    40  os_q.o(.text)
    OS_QDbgListRemove                        0x0800653f   Thumb Code    44  os_q.o(.text)
    OSQDel                                   0x0800656b   Thumb Code   414  os_q.o(.text)
    OSQFlush                                 0x08006709   Thumb Code   288  os_q.o(.text)
    OSQPend                                  0x08006829   Thumb Code   560  os_q.o(.text)
    OSQPendAbort                             0x08006a59   Thumb Code   334  os_q.o(.text)
    OS_QPost                                 0x08006ba7   Thumb Code   402  os_q.o(.text)
    OSQPost                                  0x08006d39   Thumb Code   176  os_q.o(.text)
    OS_QInit                                 0x08006de9   Thumb Code    14  os_q.o(.text)
    OS_SemDbgListAdd                         0x08006e11   Thumb Code    38  os_sem.o(.text)
    OSSemCreate                              0x08006e37   Thumb Code   210  os_sem.o(.text)
    OS_SemClr                                0x08006f09   Thumb Code    28  os_sem.o(.text)
    OS_SemDbgListRemove                      0x08006f25   Thumb Code    44  os_sem.o(.text)
    OSSemDel                                 0x08006f51   Thumb Code   414  os_sem.o(.text)
    OSSemPend                                0x080070ef   Thumb Code   562  os_sem.o(.text)
    OSSemPendAbort                           0x08007321   Thumb Code   334  os_sem.o(.text)
    OS_SemPost                               0x0800746f   Thumb Code   404  os_sem.o(.text)
    OSSemPost                                0x08007603   Thumb Code   162  os_sem.o(.text)
    OSSemSet                                 0x080076a5   Thumb Code   128  os_sem.o(.text)
    OS_SemInit                               0x08007725   Thumb Code    14  os_sem.o(.text)
    OSStatReset                              0x08007745   Thumb Code   316  os_stat.o(.text)
    OSStatTaskCPUUsageInit                   0x08007881   Thumb Code   228  os_stat.o(.text)
    OS_StatTask                              0x08007965   Thumb Code   984  os_stat.o(.text)
    OS_StatTaskInit                          0x08007d3d   Thumb Code   138  os_stat.o(.text)
    OSTaskChangePrio                         0x08007e21   Thumb Code   482  os_task.o(.text)
    OS_TaskDbgListAdd                        0x08008003   Thumb Code    42  os_task.o(.text)
    OS_TaskInitTCB                           0x0800802d   Thumb Code   194  os_task.o(.text)
    OSTaskCreate                             0x080080ef   Thumb Code   674  os_task.o(.text)
    OS_TaskDbgListRemove                     0x08008391   Thumb Code    64  os_task.o(.text)
    OSTaskDel                                0x080083d1   Thumb Code   490  os_task.o(.text)
    OSTaskQFlush                             0x080085bb   Thumb Code   302  os_task.o(.text)
    OSTaskQPend                              0x080086e9   Thumb Code   572  os_task.o(.text)
    OSTaskQPendAbort                         0x08008925   Thumb Code   288  os_task.o(.text)
    OS_TaskQPost                             0x08008a45   Thumb Code   624  os_task.o(.text)
    OSTaskQPost                              0x08008cb5   Thumb Code   114  os_task.o(.text)
    OSTaskRegGet                             0x08008d27   Thumb Code    86  os_task.o(.text)
    OSTaskRegGetID                           0x08008d7d   Thumb Code    96  os_task.o(.text)
    OSTaskRegSet                             0x08008ddd   Thumb Code    86  os_task.o(.text)
    OS_TaskResume                            0x08008e33   Thumb Code   398  os_task.o(.text)
    OSTaskResume                             0x08008fc1   Thumb Code   124  os_task.o(.text)
    OSTaskSemPend                            0x0800903d   Thumb Code   578  os_task.o(.text)
    OSTaskSemPendAbort                       0x0800927f   Thumb Code   342  os_task.o(.text)
    OS_TaskSemPost                           0x080093d5   Thumb Code  1438  os_task.o(.text)
    OSTaskSemPost                            0x08009973   Thumb Code    98  os_task.o(.text)
    OSTaskSemSet                             0x080099d5   Thumb Code    88  os_task.o(.text)
    OSTaskStkChk                             0x08009a2d   Thumb Code   220  os_task.o(.text)
    OS_TaskSuspend                           0x08009b09   Thumb Code   414  os_task.o(.text)
    OSTaskSuspend                            0x08009ca7   Thumb Code    78  os_task.o(.text)
    OSTaskTimeQuantaSet                      0x08009cf5   Thumb Code   104  os_task.o(.text)
    OS_TaskInit                              0x08009d5d   Thumb Code    18  os_task.o(.text)
    OS_TaskReturn                            0x08009d6f   Thumb Code    20  os_task.o(.text)
    OS_TickListRemove                        0x08009da9   Thumb Code    56  os_tick.o(.text)
    OS_TickListUpdate                        0x08009de1   Thumb Code   520  os_tick.o(.text)
    OS_TickTask                              0x08009fe9   Thumb Code    38  os_tick.o(.text)
    OS_TickListInit                          0x0800a00f   Thumb Code    32  os_tick.o(.text)
    OS_TickTaskInit                          0x0800a02f   Thumb Code   130  os_tick.o(.text)
    OS_TickListInsert                        0x0800a0b1   Thumb Code   502  os_tick.o(.text)
    OS_TickListResetPeak                     0x0800a2a7   Thumb Code    28  os_tick.o(.text)
    OSTimeDly                                0x0800a2cd   Thumb Code   322  os_time.o(.text)
    OSTimeDlyHMSM                            0x0800a40f   Thumb Code   538  os_time.o(.text)
    OSTimeDlyResume                          0x0800a629   Thumb Code   570  os_time.o(.text)
    OSTimeGet                                0x0800a863   Thumb Code    54  os_time.o(.text)
    OSTimeSet                                0x0800a899   Thumb Code    54  os_time.o(.text)
    OSTimeTick                               0x0800a8cf   Thumb Code    54  os_time.o(.text)
    OS_TmrDbgListAdd                         0x0800a919   Thumb Code    34  os_tmr.o(.text)
    OSTmrCreate                              0x0800a93b   Thumb Code   286  os_tmr.o(.text)
    OS_TmrClr                                0x0800aa59   Thumb Code    36  os_tmr.o(.text)
    OS_TmrUnlink                             0x0800aa7d   Thumb Code    72  os_tmr.o(.text)
    OS_TmrDbgListRemove                      0x0800aac5   Thumb Code    44  os_tmr.o(.text)
    OSTmrDel                                 0x0800aaf1   Thumb Code   182  os_tmr.o(.text)
    OSTmrRemainGet                           0x0800aba7   Thumb Code   188  os_tmr.o(.text)
    OS_TmrLink                               0x0800ac63   Thumb Code   242  os_tmr.o(.text)
    OSTmrStart                               0x0800ad55   Thumb Code   170  os_tmr.o(.text)
    OSTmrStateGet                            0x0800adff   Thumb Code   142  os_tmr.o(.text)
    OSTmrStop                                0x0800ae8d   Thumb Code   246  os_tmr.o(.text)
    OS_TmrTask                               0x0800af83   Thumb Code   176  os_tmr.o(.text)
    OS_TmrInit                               0x0800b033   Thumb Code   208  os_tmr.o(.text)
    OS_TmrResetPeak                          0x0800b103   Thumb Code    28  os_tmr.o(.text)
    OSIdleTaskHook                           0x0800b17d   Thumb Code    16  os_cpu_c.o(.text)
    OSInitHook                               0x0800b18d   Thumb Code    42  os_cpu_c.o(.text)
    OSStatTaskHook                           0x0800b1b7   Thumb Code    16  os_cpu_c.o(.text)
    OSTaskCreateHook                         0x0800b1c7   Thumb Code    20  os_cpu_c.o(.text)
    OSTaskDelHook                            0x0800b1db   Thumb Code    20  os_cpu_c.o(.text)
    OSTaskReturnHook                         0x0800b1ef   Thumb Code    20  os_cpu_c.o(.text)
    OSTaskStkInit                            0x0800b203   Thumb Code   188  os_cpu_c.o(.text)
    OSTaskSwHook                             0x0800b2bf   Thumb Code   146  os_cpu_c.o(.text)
    OSTimeTickHook                           0x0800b351   Thumb Code    16  os_cpu_c.o(.text)
    OS_CPU_SysTickHandler                    0x0800b361   Thumb Code    60  os_cpu_c.o(.text)
    OS_CPU_SysTickInit                       0x0800b39d   Thumb Code    44  os_cpu_c.o(.text)
    __scatterload                            0x0800b409   Thumb Code    28  init.o(.text)
    __scatterload_rt2                        0x0800b409   Thumb Code     0  init.o(.text)
    OSStartHighRdy                           0x0800b42d   Thumb Code     0  os_cpu_a.o(CODE)
    OS_CPU_PendSVHandler                     0x0800b44f   Thumb Code     0  os_cpu_a.o(CODE)
    __scatterload_copy                       0x0800b4b1   Thumb Code    14  handlers.o(i.__scatterload_copy)
    __scatterload_null                       0x0800b4bf   Thumb Code     2  handlers.o(i.__scatterload_null)
    __scatterload_zeroinit                   0x0800b4c1   Thumb Code    14  handlers.o(i.__scatterload_zeroinit)
    OSCfg_IdleTaskStkBasePtr                 0x0800b664   Data           4  os_cfg_app.o(.constdata)
    OSCfg_IdleTaskStkLimit                   0x0800b668   Data           4  os_cfg_app.o(.constdata)
    OSCfg_IdleTaskStkSize                    0x0800b66c   Data           4  os_cfg_app.o(.constdata)
    OSCfg_IdleTaskStkSizeRAM                 0x0800b670   Data           4  os_cfg_app.o(.constdata)
    OSCfg_IntQBasePtr                        0x0800b674   Data           4  os_cfg_app.o(.constdata)
    OSCfg_IntQSize                           0x0800b678   Data           2  os_cfg_app.o(.constdata)
    OSCfg_IntQSizeRAM                        0x0800b67c   Data           4  os_cfg_app.o(.constdata)
    OSCfg_IntQTaskStkBasePtr                 0x0800b680   Data           4  os_cfg_app.o(.constdata)
    OSCfg_IntQTaskStkLimit                   0x0800b684   Data           4  os_cfg_app.o(.constdata)
    OSCfg_IntQTaskStkSize                    0x0800b688   Data           4  os_cfg_app.o(.constdata)
    OSCfg_IntQTaskStkSizeRAM                 0x0800b68c   Data           4  os_cfg_app.o(.constdata)
    OSCfg_ISRStkBasePtr                      0x0800b690   Data           4  os_cfg_app.o(.constdata)
    OSCfg_ISRStkSize                         0x0800b694   Data           4  os_cfg_app.o(.constdata)
    OSCfg_ISRStkSizeRAM                      0x0800b698   Data           4  os_cfg_app.o(.constdata)
    OSCfg_MsgPoolSize                        0x0800b69c   Data           2  os_cfg_app.o(.constdata)
    OSCfg_MsgPoolSizeRAM                     0x0800b6a0   Data           4  os_cfg_app.o(.constdata)
    OSCfg_MsgPoolBasePtr                     0x0800b6a4   Data           4  os_cfg_app.o(.constdata)
    OSCfg_StatTaskPrio                       0x0800b6a8   Data           1  os_cfg_app.o(.constdata)
    OSCfg_StatTaskRate_Hz                    0x0800b6ac   Data           4  os_cfg_app.o(.constdata)
    OSCfg_StatTaskStkBasePtr                 0x0800b6b0   Data           4  os_cfg_app.o(.constdata)
    OSCfg_StatTaskStkLimit                   0x0800b6b4   Data           4  os_cfg_app.o(.constdata)
    OSCfg_StatTaskStkSize                    0x0800b6b8   Data           4  os_cfg_app.o(.constdata)
    OSCfg_StatTaskStkSizeRAM                 0x0800b6bc   Data           4  os_cfg_app.o(.constdata)
    OSCfg_StkSizeMin                         0x0800b6c0   Data           4  os_cfg_app.o(.constdata)
    OSCfg_TickRate_Hz                        0x0800b6c4   Data           4  os_cfg_app.o(.constdata)
    OSCfg_TickTaskPrio                       0x0800b6c8   Data           1  os_cfg_app.o(.constdata)
    OSCfg_TickTaskStkBasePtr                 0x0800b6cc   Data           4  os_cfg_app.o(.constdata)
    OSCfg_TickTaskStkLimit                   0x0800b6d0   Data           4  os_cfg_app.o(.constdata)
    OSCfg_TickTaskStkSize                    0x0800b6d4   Data           4  os_cfg_app.o(.constdata)
    OSCfg_TickTaskStkSizeRAM                 0x0800b6d8   Data           4  os_cfg_app.o(.constdata)
    OSCfg_TickWheelSize                      0x0800b6dc   Data           2  os_cfg_app.o(.constdata)
    OSCfg_TickWheelSizeRAM                   0x0800b6e0   Data           4  os_cfg_app.o(.constdata)
    OSCfg_TmrTaskPrio                        0x0800b6e4   Data           1  os_cfg_app.o(.constdata)
    OSCfg_TmrTaskRate_Hz                     0x0800b6e8   Data           4  os_cfg_app.o(.constdata)
    OSCfg_TmrTaskStkBasePtr                  0x0800b6ec   Data           4  os_cfg_app.o(.constdata)
    OSCfg_TmrTaskStkLimit                    0x0800b6f0   Data           4  os_cfg_app.o(.constdata)
    OSCfg_TmrTaskStkSize                     0x0800b6f4   Data           4  os_cfg_app.o(.constdata)
    OSCfg_TmrTaskStkSizeRAM                  0x0800b6f8   Data           4  os_cfg_app.o(.constdata)
    OSCfg_TmrWheelSize                       0x0800b6fc   Data           2  os_cfg_app.o(.constdata)
    OSCfg_TmrWheelSizeRAM                    0x0800b700   Data           4  os_cfg_app.o(.constdata)
    OSCfg_DataSizeRAM                        0x0800b704   Data           4  os_cfg_app.o(.constdata)
    OSDbg_DbgEn                              0x0800b708   Data           1  os_dbg.o(.constdata)
    OSDbg_ArgChkEn                           0x0800b709   Data           1  os_dbg.o(.constdata)
    OSDbg_AppHooksEn                         0x0800b70a   Data           1  os_dbg.o(.constdata)
    OSDbg_EndiannessTest                     0x0800b70c   Data           4  os_dbg.o(.constdata)
    OSDbg_CalledFromISRChkEn                 0x0800b710   Data           1  os_dbg.o(.constdata)
    OSDbg_FlagEn                             0x0800b711   Data           1  os_dbg.o(.constdata)
    OSDbg_FlagGrp                            0x0800b714   Data          40  os_dbg.o(.constdata)
    OSDbg_FlagDelEn                          0x0800b73c   Data           1  os_dbg.o(.constdata)
    OSDbg_FlagModeClrEn                      0x0800b73d   Data           1  os_dbg.o(.constdata)
    OSDbg_FlagPendAbortEn                    0x0800b73e   Data           1  os_dbg.o(.constdata)
    OSDbg_FlagGrpSize                        0x0800b740   Data           2  os_dbg.o(.constdata)
    OSDbg_FlagWidth                          0x0800b742   Data           2  os_dbg.o(.constdata)
    OSDbg_IntQ                               0x0800b744   Data           2  os_dbg.o(.constdata)
    OSDbg_ISRPostDeferredEn                  0x0800b746   Data           1  os_dbg.o(.constdata)
    OSDbg_Mem                                0x0800b748   Data          32  os_dbg.o(.constdata)
    OSDbg_MemEn                              0x0800b768   Data           1  os_dbg.o(.constdata)
    OSDbg_MemSize                            0x0800b76a   Data           2  os_dbg.o(.constdata)
    OSDbg_MsgEn                              0x0800b76c   Data           1  os_dbg.o(.constdata)
    OSDbg_MsgSize                            0x0800b76e   Data           2  os_dbg.o(.constdata)
    OSDbg_MsgPoolSize                        0x0800b770   Data           2  os_dbg.o(.constdata)
    OSDbg_MsgQSize                           0x0800b772   Data           2  os_dbg.o(.constdata)
    OSDbg_Mutex                              0x0800b774   Data          44  os_dbg.o(.constdata)
    OSDbg_MutexEn                            0x0800b7a0   Data           1  os_dbg.o(.constdata)
    OSDbg_MutexDelEn                         0x0800b7a1   Data           1  os_dbg.o(.constdata)
    OSDbg_MutexPendAbortEn                   0x0800b7a2   Data           1  os_dbg.o(.constdata)
    OSDbg_MutexSize                          0x0800b7a4   Data           2  os_dbg.o(.constdata)
    OSDbg_ObjTypeChkEn                       0x0800b7a6   Data           1  os_dbg.o(.constdata)
    OSDbg_PendMultiEn                        0x0800b7a7   Data           1  os_dbg.o(.constdata)
    OSDbg_PendDataSize                       0x0800b7a8   Data           2  os_dbg.o(.constdata)
    OSDbg_PendListSize                       0x0800b7aa   Data           2  os_dbg.o(.constdata)
    OSDbg_PendObjSize                        0x0800b7ac   Data           2  os_dbg.o(.constdata)
    OSDbg_PrioMax                            0x0800b7ae   Data           2  os_dbg.o(.constdata)
    OSDbg_PrioTblSize                        0x0800b7b0   Data           2  os_dbg.o(.constdata)
    OSDbg_PtrSize                            0x0800b7b2   Data           2  os_dbg.o(.constdata)
    OSDbg_Q                                  0x0800b7b4   Data          48  os_dbg.o(.constdata)
    OSDbg_QEn                                0x0800b7e4   Data           1  os_dbg.o(.constdata)
    OSDbg_QDelEn                             0x0800b7e5   Data           1  os_dbg.o(.constdata)
    OSDbg_QFlushEn                           0x0800b7e6   Data           1  os_dbg.o(.constdata)
    OSDbg_QPendAbortEn                       0x0800b7e7   Data           1  os_dbg.o(.constdata)
    OSDbg_QSize                              0x0800b7e8   Data           2  os_dbg.o(.constdata)
    OSDbg_SchedRoundRobinEn                  0x0800b7ea   Data           1  os_dbg.o(.constdata)
    OSDbg_Sem                                0x0800b7ec   Data          40  os_dbg.o(.constdata)
    OSDbg_SemEn                              0x0800b814   Data           1  os_dbg.o(.constdata)
    OSDbg_SemDelEn                           0x0800b815   Data           1  os_dbg.o(.constdata)
    OSDbg_SemPendAbortEn                     0x0800b816   Data           1  os_dbg.o(.constdata)
    OSDbg_SemSetEn                           0x0800b817   Data           1  os_dbg.o(.constdata)
    OSDbg_SemSize                            0x0800b818   Data           2  os_dbg.o(.constdata)
    OSDbg_RdyList                            0x0800b81a   Data           2  os_dbg.o(.constdata)
    OSDbg_RdyListSize                        0x0800b81c   Data           4  os_dbg.o(.constdata)
    OSDbg_StkWidth                           0x0800b820   Data           1  os_dbg.o(.constdata)
    OSDbg_StatTaskEn                         0x0800b821   Data           1  os_dbg.o(.constdata)
    OSDbg_StatTaskStkChkEn                   0x0800b822   Data           1  os_dbg.o(.constdata)
    OSDbg_TaskChangePrioEn                   0x0800b823   Data           1  os_dbg.o(.constdata)
    OSDbg_TaskDelEn                          0x0800b824   Data           1  os_dbg.o(.constdata)
    OSDbg_TaskQEn                            0x0800b825   Data           1  os_dbg.o(.constdata)
    OSDbg_TaskQPendAbortEn                   0x0800b826   Data           1  os_dbg.o(.constdata)
    OSDbg_TaskProfileEn                      0x0800b827   Data           1  os_dbg.o(.constdata)
    OSDbg_TaskRegTblSize                     0x0800b828   Data           2  os_dbg.o(.constdata)
    OSDbg_TaskSemPendAbortEn                 0x0800b82a   Data           1  os_dbg.o(.constdata)
    OSDbg_TaskSuspendEn                      0x0800b82b   Data           1  os_dbg.o(.constdata)
    OSDbg_TCBSize                            0x0800b82c   Data           2  os_dbg.o(.constdata)
    OSDbg_TickSpokeSize                      0x0800b82e   Data           2  os_dbg.o(.constdata)
    OSDbg_TimeDlyHMSMEn                      0x0800b830   Data           1  os_dbg.o(.constdata)
    OSDbg_TimeDlyResumeEn                    0x0800b831   Data           1  os_dbg.o(.constdata)
    OSDbg_TLS_TblSize                        0x0800b832   Data           2  os_dbg.o(.constdata)
    OSDbg_Tmr                                0x0800b834   Data          52  os_dbg.o(.constdata)
    OSDbg_TmrEn                              0x0800b868   Data           1  os_dbg.o(.constdata)
    OSDbg_TmrDelEn                           0x0800b869   Data           1  os_dbg.o(.constdata)
    OSDbg_TmrSize                            0x0800b86a   Data           2  os_dbg.o(.constdata)
    OSDbg_TmrSpokeSize                       0x0800b86c   Data           2  os_dbg.o(.constdata)
    OSDbg_VersionNbr                         0x0800b86e   Data           2  os_dbg.o(.constdata)
    OSDbg_DataSize                           0x0800b870   Data           4  os_dbg.o(.constdata)
    Region$$Table$$Base                      0x0800b874   Number         0  anon$$obj.o(Region$$Table)
    Region$$Table$$Limit                     0x0800b894   Number         0  anon$$obj.o(Region$$Table)
    SystemCoreClock                          0x20000000   Data           4  system_stm32f10x.o(.data)
    AHBPrescTable                            0x20000004   Data          16  system_stm32f10x.o(.data)
    CPU_TS_TmrFreq_Hz                        0x20000028   Data           4  cpu_core.o(.data)
    CPU_IntDisMeasCtr                        0x2000002c   Data           2  cpu_core.o(.data)
    CPU_IntDisNestCtr                        0x2000002e   Data           2  cpu_core.o(.data)
    CPU_IntDisMeasStart_cnts                 0x20000030   Data           4  cpu_core.o(.data)
    CPU_IntDisMeasStop_cnts                  0x20000034   Data           4  cpu_core.o(.data)
    CPU_IntDisMeasOvrhd_cnts                 0x20000038   Data           4  cpu_core.o(.data)
    CPU_IntDisMeasMaxCur_cnts                0x2000003c   Data           4  cpu_core.o(.data)
    CPU_IntDisMeasMax_cnts                   0x20000040   Data           4  cpu_core.o(.data)
    Mem_PoolTbl                              0x20000044   Data           4  lib_mem.o(.data)
    OSPrioTbl                                0x20000048   Data           4  os_prio.o(.data)
    OS_AppTaskCreateHookPtr                  0x2000004c   Data           4  os_var.o(.data)
    OS_AppTaskDelHookPtr                     0x20000050   Data           4  os_var.o(.data)
    OS_AppTaskReturnHookPtr                  0x20000054   Data           4  os_var.o(.data)
    OS_AppIdleTaskHookPtr                    0x20000058   Data           4  os_var.o(.data)
    OS_AppStatTaskHookPtr                    0x2000005c   Data           4  os_var.o(.data)
    OS_AppTaskSwHookPtr                      0x20000060   Data           4  os_var.o(.data)
    OS_AppTimeTickHookPtr                    0x20000064   Data           4  os_var.o(.data)
    OSIdleTaskCtr                            0x20000068   Data           4  os_var.o(.data)
    OSIntNestingCtr                          0x2000006c   Data           1  os_var.o(.data)
    OSIntDisTimeMax                          0x20000070   Data           4  os_var.o(.data)
    OSRunning                                0x20000074   Data           1  os_var.o(.data)
    OSIntQInPtr                              0x20000078   Data           4  os_var.o(.data)
    OSIntQOutPtr                             0x2000007c   Data           4  os_var.o(.data)
    OSIntQNbrEntries                         0x20000080   Data           2  os_var.o(.data)
    OSIntQNbrEntriesMax                      0x20000082   Data           2  os_var.o(.data)
    OSIntQOvfCtr                             0x20000084   Data           2  os_var.o(.data)
    OSIntQTaskTimeMax                        0x20000088   Data           4  os_var.o(.data)
    OSFlagDbgListPtr                         0x2000008c   Data           4  os_var.o(.data)
    OSFlagQty                                0x20000090   Data           2  os_var.o(.data)
    OSMemDbgListPtr                          0x20000094   Data           4  os_var.o(.data)
    OSMemQty                                 0x20000098   Data           2  os_var.o(.data)
    OSMutexDbgListPtr                        0x2000009c   Data           4  os_var.o(.data)
    OSMutexQty                               0x200000a0   Data           2  os_var.o(.data)
    OSPrioCur                                0x200000a2   Data           1  os_var.o(.data)
    OSPrioHighRdy                            0x200000a3   Data           1  os_var.o(.data)
    OSPrioSaved                              0x200000a4   Data           1  os_var.o(.data)
    OSQDbgListPtr                            0x200000a8   Data           4  os_var.o(.data)
    OSQQty                                   0x200000ac   Data           2  os_var.o(.data)
    OSSchedLockTimeBegin                     0x200000b0   Data           4  os_var.o(.data)
    OSSchedLockTimeMax                       0x200000b4   Data           4  os_var.o(.data)
    OSSchedLockTimeMaxCur                    0x200000b8   Data           4  os_var.o(.data)
    OSSchedLockNestingCtr                    0x200000bc   Data           1  os_var.o(.data)
    OSSchedRoundRobinDfltTimeQuanta          0x200000c0   Data           4  os_var.o(.data)
    OSSchedRoundRobinEn                      0x200000c4   Data           1  os_var.o(.data)
    OSSemDbgListPtr                          0x200000c8   Data           4  os_var.o(.data)
    OSSemQty                                 0x200000cc   Data           2  os_var.o(.data)
    OSStatResetFlag                          0x200000ce   Data           1  os_var.o(.data)
    OSStatTaskCPUUsage                       0x200000d0   Data           2  os_var.o(.data)
    OSStatTaskCPUUsageMax                    0x200000d2   Data           2  os_var.o(.data)
    OSStatTaskCtr                            0x200000d4   Data           4  os_var.o(.data)
    OSStatTaskCtrMax                         0x200000d8   Data           4  os_var.o(.data)
    OSStatTaskCtrRun                         0x200000dc   Data           4  os_var.o(.data)
    OSStatTaskRdy                            0x200000e0   Data           1  os_var.o(.data)
    OSStatTaskTimeMax                        0x200000e4   Data           4  os_var.o(.data)
    OSTaskCtxSwCtr                           0x200000e8   Data           4  os_var.o(.data)
    OSTaskDbgListPtr                         0x200000ec   Data           4  os_var.o(.data)
    OSTaskQty                                0x200000f0   Data           2  os_var.o(.data)
    OSTaskRegNextAvailID                     0x200000f2   Data           1  os_var.o(.data)
    OSTickCtr                                0x200000f4   Data           4  os_var.o(.data)
    OSTickTaskTimeMax                        0x200000f8   Data           4  os_var.o(.data)
    OSTmrDbgListPtr                          0x200000fc   Data           4  os_var.o(.data)
    OSTmrQty                                 0x20000100   Data           2  os_var.o(.data)
    OSTmrTaskTimeMax                         0x20000104   Data           4  os_var.o(.data)
    OSTmrTickCtr                             0x20000108   Data           4  os_var.o(.data)
    OSTmrUpdateCnt                           0x2000010c   Data           4  os_var.o(.data)
    OSTmrUpdateCtr                           0x20000110   Data           4  os_var.o(.data)
    OSTCBCurPtr                              0x20000114   Data           4  os_var.o(.data)
    OSTCBHighRdyPtr                          0x20000118   Data           4  os_var.o(.data)
    OS_CPU_ExceptStkBase                     0x2000011c   Data           4  os_cpu_c.o(.data)
    CPU_Name                                 0x200003e8   Data          16  cpu_core.o(.bss)
    Mem_PoolHeap                             0x200003f8   Data          72  lib_mem.o(.bss)
    Mem_Heap                                 0x20000440   Data       27648  lib_mem.o(.bss)
    OSCfg_IdleTaskStk                        0x20007040   Data         512  os_cfg_app.o(.bss)
    OSCfg_IntQ                               0x20007240   Data         320  os_cfg_app.o(.bss)
    OSCfg_IntQTaskStk                        0x20007380   Data         512  os_cfg_app.o(.bss)
    OSCfg_ISRStk                             0x20007580   Data         512  os_cfg_app.o(.bss)
    OSCfg_MsgPool                            0x20007780   Data        1600  os_cfg_app.o(.bss)
    OSCfg_StatTaskStk                        0x20007dc0   Data         512  os_cfg_app.o(.bss)
    OSCfg_TickTaskStk                        0x20007fc0   Data         512  os_cfg_app.o(.bss)
    OSCfg_TickWheel                          0x200081c0   Data         136  os_cfg_app.o(.bss)
    OSCfg_TmrTaskStk                         0x20008248   Data         512  os_cfg_app.o(.bss)
    OSCfg_TmrWheel                           0x20008448   Data         136  os_cfg_app.o(.bss)
    OSIdleTaskTCB                            0x200084d0   Data         200  os_var.o(.bss)
    OSIntQTaskTCB                            0x20008598   Data         200  os_var.o(.bss)
    OSMsgPool                                0x20008660   Data          12  os_var.o(.bss)
    OSRdyList                                0x2000866c   Data         384  os_var.o(.bss)
    OSStatTaskTCB                            0x200087ec   Data         200  os_var.o(.bss)
    OSTickTaskTCB                            0x200088b4   Data         200  os_var.o(.bss)
    OSTmrTaskTCB                             0x2000897c   Data         200  os_var.o(.bss)
    __initial_sp                             0x20008e48   Data           0  startup_stm32f10x_hd.o(STACK)



==============================================================================

Memory Map of the image

  Image Entry point : 0x08000131

  Load Region LR_IROM1 (Base: 0x08000000, Size: 0x0000b9b4, Max: 0x00080000, ABSOLUTE)

    Execution Region ER_IROM1 (Base: 0x08000000, Size: 0x0000b894, Max: 0x00080000, ABSOLUTE)

    Base Addr    Size         Type   Attr      Idx    E Section Name        Object

    0x08000000   0x00000130   Data   RO            3    RESET               startup_stm32f10x_hd.o
    0x08000130   0x00000000   Code   RO          951  * .ARM.Collect$$$$00000000  mc_w.l(entry.o)
    0x08000130   0x00000004   Code   RO          954    .ARM.Collect$$$$00000001  mc_w.l(entry2.o)
    0x08000134   0x00000004   Code   RO          957    .ARM.Collect$$$$00000004  mc_w.l(entry5.o)
    0x08000138   0x00000000   Code   RO          959    .ARM.Collect$$$$00000008  mc_w.l(entry7b.o)
    0x08000138   0x00000000   Code   RO          961    .ARM.Collect$$$$0000000A  mc_w.l(entry8b.o)
    0x08000138   0x00000008   Code   RO          962    .ARM.Collect$$$$0000000B  mc_w.l(entry9a.o)
    0x08000140   0x00000000   Code   RO          964    .ARM.Collect$$$$0000000D  mc_w.l(entry10a.o)
    0x08000140   0x00000000   Code   RO          966    .ARM.Collect$$$$0000000F  mc_w.l(entry11a.o)
    0x08000140   0x00000004   Code   RO          955    .ARM.Collect$$$$00002712  mc_w.l(entry2.o)
    0x08000144   0x00000024   Code   RO            4    .text               startup_stm32f10x_hd.o
    0x08000168   0x000001e0   Code   RO           24    .text               system_stm32f10x.o
    0x08000348   0x000000dc   Code   RO          121    .text               misc.o
    0x08000424   0x0000035c   Code   RO          269    .text               stm32f10x_gpio.o
    0x08000780   0x000003a4   Code   RO          317    .text               stm32f10x_rcc.o
    0x08000b24   0x00000016   Code   RO          403    .text               stm32f10x_it.o
    0x08000b3a   0x00000002   PAD
    0x08000b3c   0x000000c4   Code   RO          418    .text               app.o
    0x08000c00   0x00000048   Code   RO          545    .text               bsp_led.o
    0x08000c48   0x0000005c   Code   RO          560    .text               bsp.o
    0x08000ca4   0x00000034   Code   RO          578    .text               cpu_a.o
    0x08000cd8   0x0000043c   Code   RO          593    .text               cpu_core.o
    0x08001114   0x00000256   Code   RO          619    .text               lib_ascii.o
    0x0800136a   0x00000002   PAD
    0x0800136c   0x00000f8c   Code   RO          652    .text               lib_mem.o
    0x080022f8   0x00000928   Code   RO          671    .text               lib_str.o
    0x08002c20   0x00000220   Code   RO          688    .text               lib_mem_a.o
    0x08002e40   0x00000002   Code   RO          691    .text               os_cfg_app.o
    0x08002e42   0x00000002   PAD
    0x08002e44   0x00000e50   Code   RO          714    .text               os_core.o
    0x08003c94   0x000001b4   Code   RO          726    .text               os_dbg.o
    0x08003e48   0x0000100c   Code   RO          741    .text               os_flag.o
    0x08004e54   0x00000460   Code   RO          753    .text               os_int.o
    0x080052b4   0x00000278   Code   RO          765    .text               os_mem.o
    0x0800552c   0x00000228   Code   RO          777    .text               os_msg.o
    0x08005754   0x00000c40   Code   RO          789    .text               os_mutex.o
    0x08006394   0x0000007c   Code   RO          813    .text               os_prio.o
    0x08006410   0x00000a00   Code   RO          832    .text               os_q.o
    0x08006e10   0x00000934   Code   RO          844    .text               os_sem.o
    0x08007744   0x000006dc   Code   RO          856    .text               os_stat.o
    0x08007e20   0x00001f88   Code   RO          868    .text               os_task.o
    0x08009da8   0x00000524   Code   RO          880    .text               os_tick.o
    0x0800a2cc   0x0000064c   Code   RO          892    .text               os_time.o
    0x0800a918   0x00000864   Code   RO          904    .text               os_tmr.o
    0x0800b17c   0x0000028c   Code   RO          933    .text               os_cpu_c.o
    0x0800b408   0x00000024   Code   RO          968    .text               mc_w.l(init.o)
    0x0800b42c   0x00000084   Code   RO          930    CODE                os_cpu_a.o
    0x0800b4b0   0x0000000e   Code   RO          972    i.__scatterload_copy  mc_w.l(handlers.o)
    0x0800b4be   0x00000002   Code   RO          973    i.__scatterload_null  mc_w.l(handlers.o)
    0x0800b4c0   0x0000000e   Code   RO          974    i.__scatterload_zeroinit  mc_w.l(handlers.o)
    0x0800b4ce   0x00000100   Data   RO          595    .constdata          cpu_core.o
    0x0800b5ce   0x00000002   PAD
    0x0800b5d0   0x00000094   Data   RO          672    .constdata          lib_str.o
    0x0800b664   0x000000a4   Data   RO          693    .constdata          os_cfg_app.o
    0x0800b708   0x0000016c   Data   RO          727    .constdata          os_dbg.o
    0x0800b874   0x00000020   Data   RO          970    Region$$Table       anon$$obj.o


    Execution Region RW_IRAM1 (Base: 0x20000000, Size: 0x00008e48, Max: 0x00010000, ABSOLUTE)

    Base Addr    Size         Type   Attr      Idx    E Section Name        Object

    0x20000000   0x00000014   Data   RW           25    .data               system_stm32f10x.o
    0x20000014   0x00000014   Data   RW          318    .data               stm32f10x_rcc.o
    0x20000028   0x0000001c   Data   RW          596    .data               cpu_core.o
    0x20000044   0x00000004   Data   RW          654    .data               lib_mem.o
    0x20000048   0x00000004   Data   RW          814    .data               os_prio.o
    0x2000004c   0x000000d0   Data   RW          917    .data               os_var.o
    0x2000011c   0x00000004   Data   RW          934    .data               os_cpu_c.o
    0x20000120   0x000002c8   Zero   RW          419    .bss                app.o
    0x200003e8   0x00000010   Zero   RW          594    .bss                cpu_core.o
    0x200003f8   0x00006c48   Zero   RW          653    .bss                lib_mem.o
    0x20007040   0x00001490   Zero   RW          692    .bss                os_cfg_app.o
    0x200084d0   0x00000574   Zero   RW          916    .bss                os_var.o
    0x20008a44   0x00000004   PAD
    0x20008a48   0x00000400   Zero   RW            1    STACK               startup_stm32f10x_hd.o


==============================================================================

Image component sizes


      Code (inc. data)   RO Data    RW Data    ZI Data      Debug   Object Name

       196         36          0          0        712      30470   app.o
        92         10          0          0          0        971   bsp.o
        72         10          0          0          0        491   bsp_led.o
         0          0          0          0          0       4496   core_cm3.o
        52          0          0          0          0        332   cpu_a.o
      1084         42        256         28         16      16241   cpu_core.o
       598          0          0          0          0       3688   lib_ascii.o
      3980         62          0          4      27720      24620   lib_mem.o
       544          0          0          0          0        476   lib_mem_a.o
      2344          4        148          0          0      13046   lib_str.o
       220         22          0          0          0       1797   misc.o
         0          0          0          0          0      40583   os_app_hooks.o
         2          0        164          0       5264      20878   os_cfg_app.o
      3664        294          0          0          0      12117   os_core.o
       132         32          0          0          0        376   os_cpu_a.o
       652         64          0          4          0       3765   os_cpu_c.o
       436        286        364          0          0       4749   os_dbg.o
      4108        110          0          0          0       8131   os_flag.o
      1120        146          0          0          0       2280   os_int.o
       632         22          0          0          0       2708   os_mem.o
       552         14          0          0          0       2598   os_msg.o
      3136        114          0          0          0       5698   os_mutex.o
       124          4          0          4          0       1720   os_prio.o
      2560         82          0          0          0       6300   os_q.o
      2356         72          0          0          0       6296   os_sem.o
      1756        190          0          0          0       2893   os_stat.o
      8072        282          0          0          0      14338   os_task.o
      1316         90          0          0          0       3249   os_tick.o
      1612         44          0          0          0       3353   os_time.o
      2148        140          0          0          0       6506   os_tmr.o
         0          0          0        208       1396      19449   os_var.o
        36          8        304          0       1024        868   startup_stm32f10x_hd.o
       860         38          0          0          0       5637   stm32f10x_gpio.o
        22          0          0          0          0       1015   stm32f10x_it.o
       932         36          0         20          0       8796   stm32f10x_rcc.o
       480         38          0         20          0     223759   system_stm32f10x.o

    ----------------------------------------------------------------------
     45896       2292       1270        288      36136     504690   Object Totals
         0          0         32          0          0          0   (incl. Generated)
         6          0          2          0          4          0   (incl. Padding)

    ----------------------------------------------------------------------

      Code (inc. data)   RO Data    RW Data    ZI Data      Debug   Library Member Name

         0          0          0          0          0          0   entry.o
         0          0          0          0          0          0   entry10a.o
         0          0          0          0          0          0   entry11a.o
         8          4          0          0          0          0   entry2.o
         4          0          0          0          0          0   entry5.o
         0          0          0          0          0          0   entry7b.o
         0          0          0          0          0          0   entry8b.o
         8          4          0          0          0          0   entry9a.o
        30          0          0          0          0          0   handlers.o
        36          8          0          0          0         68   init.o

    ----------------------------------------------------------------------
        86         16          0          0          0         68   Library Totals
         0          0          0          0          0          0   (incl. Padding)

    ----------------------------------------------------------------------

      Code (inc. data)   RO Data    RW Data    ZI Data      Debug   Library Name

        86         16          0          0          0         68   mc_w.l

    ----------------------------------------------------------------------
        86         16          0          0          0         68   Library Totals

    ----------------------------------------------------------------------

==============================================================================


      Code (inc. data)   RO Data    RW Data    ZI Data      Debug   

     45982       2308       1270        288      36136     502102   Grand Totals
     45982       2308       1270        288      36136     502102   ELF Image Totals
     45982       2308       1270        288          0          0   ROM Totals

==============================================================================

    Total RO  Size (Code + RO Data)                47252 (  46.14kB)
    Total RW  Size (RW Data + ZI Data)             36424 (  35.57kB)
    Total ROM Size (Code + RO Data + RW Data)      47540 (  46.43kB)

==============================================================================

